Archive member included to satisfy reference by file (symbol)

./stm32f103cpp.a(Pin.o)       /tmp/ccUKaqSO.o (symbol from plugin) (stm32::dev::mcal::pin::Pin::Pin(stm32::dev::mcal::pin::Port, stm32::dev::mcal::pin::PinNumber, stm32::dev::mcal::pin::PinMode))
./stm32f103cpp.a(Led.o)       /tmp/ccUKaqSO.o (symbol from plugin) (stm32::dev::hal::led::Led<(stm32::type::ConnectionType)0>::Led(stm32::dev::mcal::pin::Pin const&))
./stm32f103cpp.a(Buzzer.o)    /tmp/ccUKaqSO.o (symbol from plugin) (stm32::dev::hal::buzzer::Buzzer<(stm32::type::ConnectionType)0>::Buzzer(stm32::dev::mcal::pin::Pin const&))
./stm32f103cpp.a(Logger.o)    ./stm32f103cpp.a(Led.o) (stm32::utils::logger::Logger::Print(char const*))
./stm32f103cpp.a(Rcc.o)       ./stm32f103cpp.a(Led.o) (stm32::dev::mcal::rcc::Rcc::Enable(stm32::peripherals::Peripheral))
./stm32f103cpp.a(Gpio.o)      ./stm32f103cpp.a(Led.o) (stm32::dev::mcal::gpio::Gpio::Set(stm32::dev::mcal::pin::Pin const&))
./stm32f103cpp.a(Usart.o)     ./stm32f103cpp.a(Logger.o) (stm32::dev::mcal::usart::Usart::Usart(stm32::dev::mcal::usart::UsartConfig const&))
/home/abadr99/gcc-arm-none-eabi-10.3-2021.10/bin/../lib/gcc/arm-none-eabi/10.3.1/../../../../arm-none-eabi/lib/thumb/v7-m/nofp/libstdc++_nano.a(class_type_info.o)
                              ./stm32f103cpp.a(Rcc.o) (vtable for __cxxabiv1::__class_type_info)
/home/abadr99/gcc-arm-none-eabi-10.3-2021.10/bin/../lib/gcc/arm-none-eabi/10.3.1/../../../../arm-none-eabi/lib/thumb/v7-m/nofp/libstdc++_nano.a(del_ops.o)
                              /home/abadr99/gcc-arm-none-eabi-10.3-2021.10/bin/../lib/gcc/arm-none-eabi/10.3.1/../../../../arm-none-eabi/lib/thumb/v7-m/nofp/libstdc++_nano.a(class_type_info.o) (operator delete(void*, unsigned int))
/home/abadr99/gcc-arm-none-eabi-10.3-2021.10/bin/../lib/gcc/arm-none-eabi/10.3.1/../../../../arm-none-eabi/lib/thumb/v7-m/nofp/libstdc++_nano.a(si_class_type_info.o)
                              /home/abadr99/gcc-arm-none-eabi-10.3-2021.10/bin/../lib/gcc/arm-none-eabi/10.3.1/../../../../arm-none-eabi/lib/thumb/v7-m/nofp/libstdc++_nano.a(class_type_info.o) (vtable for __cxxabiv1::__si_class_type_info)
/home/abadr99/gcc-arm-none-eabi-10.3-2021.10/bin/../lib/gcc/arm-none-eabi/10.3.1/../../../../arm-none-eabi/lib/thumb/v7-m/nofp/libstdc++_nano.a(tinfo.o)
                              /home/abadr99/gcc-arm-none-eabi-10.3-2021.10/bin/../lib/gcc/arm-none-eabi/10.3.1/../../../../arm-none-eabi/lib/thumb/v7-m/nofp/libstdc++_nano.a(class_type_info.o) (std::type_info::~type_info())
/home/abadr99/gcc-arm-none-eabi-10.3-2021.10/bin/../lib/gcc/arm-none-eabi/10.3.1/../../../../arm-none-eabi/lib/thumb/v7-m/nofp/libstdc++_nano.a(functional.o)
                              ./stm32f103cpp.a(Rcc.o) (std::__throw_bad_function_call())
/home/abadr99/gcc-arm-none-eabi-10.3-2021.10/bin/../lib/gcc/arm-none-eabi/10.3.1/../../../../arm-none-eabi/lib/thumb/v7-m/nofp/libstdc++_nano.a(del_op.o)
                              /home/abadr99/gcc-arm-none-eabi-10.3-2021.10/bin/../lib/gcc/arm-none-eabi/10.3.1/../../../../arm-none-eabi/lib/thumb/v7-m/nofp/libstdc++_nano.a(del_ops.o) (operator delete(void*))
/home/abadr99/gcc-arm-none-eabi-10.3-2021.10/bin/../lib/gcc/arm-none-eabi/10.3.1/../../../../arm-none-eabi/lib/thumb/v7-m/nofp/libstdc++_nano.a(eh_exception.o)
                              /home/abadr99/gcc-arm-none-eabi-10.3-2021.10/bin/../lib/gcc/arm-none-eabi/10.3.1/../../../../arm-none-eabi/lib/thumb/v7-m/nofp/libstdc++_nano.a(functional.o) (std::exception::~exception())
/home/abadr99/gcc-arm-none-eabi-10.3-2021.10/bin/../lib/gcc/arm-none-eabi/10.3.1/../../../../arm-none-eabi/lib/thumb/v7-m/nofp/libstdc++_nano.a(pure.o)
                              /home/abadr99/gcc-arm-none-eabi-10.3-2021.10/bin/../lib/gcc/arm-none-eabi/10.3.1/../../../../arm-none-eabi/lib/thumb/v7-m/nofp/libstdc++_nano.a(eh_exception.o) (__cxa_pure_virtual)
/home/abadr99/gcc-arm-none-eabi-10.3-2021.10/bin/../lib/gcc/arm-none-eabi/10.3.1/../../../../arm-none-eabi/lib/thumb/v7-m/nofp/libstdc++_nano.a(eh_terminate.o)
                              /home/abadr99/gcc-arm-none-eabi-10.3-2021.10/bin/../lib/gcc/arm-none-eabi/10.3.1/../../../../arm-none-eabi/lib/thumb/v7-m/nofp/libstdc++_nano.a(pure.o) (std::terminate())
/home/abadr99/gcc-arm-none-eabi-10.3-2021.10/bin/../lib/gcc/arm-none-eabi/10.3.1/../../../../arm-none-eabi/lib/thumb/v7-m/nofp/libstdc++_nano.a(eh_unex_handler.o)
                              /home/abadr99/gcc-arm-none-eabi-10.3-2021.10/bin/../lib/gcc/arm-none-eabi/10.3.1/../../../../arm-none-eabi/lib/thumb/v7-m/nofp/libstdc++_nano.a(eh_terminate.o) (__cxxabiv1::__unexpected_handler)
/home/abadr99/gcc-arm-none-eabi-10.3-2021.10/bin/../lib/gcc/arm-none-eabi/10.3.1/../../../../arm-none-eabi/lib/thumb/v7-m/nofp/libstdc++_nano.a(eh_term_handler.o)
[...]
Memory Configuration

Name             Origin             Length             Attributes
RAM              0x0000000020000000 0x0000000000005000 xrw
FLASH            0x0000000008000000 0x0000000000010000 xr
*default*        0x0000000000000000 0xffffffffffffffff

Linker script and memory map

LOAD /home/abadr99/gcc-arm-none-eabi-10.3-2021.10/bin/../lib/gcc/arm-none-eabi/10.3.1/thumb/v7-m/nofp/crti.o
LOAD /home/abadr99/gcc-arm-none-eabi-10.3-2021.10/bin/../lib/gcc/arm-none-eabi/10.3.1/thumb/v7-m/nofp/crtbegin.o
LOAD /home/abadr99/gcc-arm-none-eabi-10.3-2021.10/bin/../lib/gcc/arm-none-eabi/10.3.1/../../../../arm-none-eabi/lib/thumb/v7-m/nofp/rdimon-crt0.o
LOAD /tmp/ccUKaqSO.o
LOAD /tmp/alarm.elf.FL6JRI.ltrans0.ltrans.o
LOAD /tmp/cc7thFQR.debug.temp.o
LOAD /tmp/ccwpxzZs.debug.temp.o
LOAD /tmp/ccDuBCz3.debug.temp.o
LOAD /tmp/ccHKn995.o
LOAD /tmp/ccWZH09n.o
LOAD ./stm32f103cpp.a
LOAD /home/abadr99/gcc-arm-none-eabi-10.3-2021.10/bin/../lib/gcc/arm-none-eabi/10.3.1/../../../../arm-none-eabi/lib/thumb/v7-m/nofp/libstdc++_nano.a
LOAD /home/abadr99/gcc-arm-none-eabi-10.3-2021.10/bin/../lib/gcc/arm-none-eabi/10.3.1/../../../../arm-none-eabi/lib/thumb/v7-m/nofp/libm.a
START GROUP
LOAD /home/abadr99/gcc-arm-none-eabi-10.3-2021.10/bin/../lib/gcc/arm-none-eabi/10.3.1/thumb/v7-m/nofp/libgcc.a
LOAD /home/abadr99/gcc-arm-none-eabi-10.3-2021.10/bin/../lib/gcc/arm-none-eabi/10.3.1/../../../../arm-none-eabi/lib/thumb/v7-m/nofp/libg_nano.a
LOAD /home/abadr99/gcc-arm-none-eabi-10.3-2021.10/bin/../lib/gcc/arm-none-eabi/10.3.1/../../../../arm-none-eabi/lib/thumb/v7-m/nofp/libc_nano.a
END GROUP
START GROUP
LOAD /home/abadr99/gcc-arm-none-eabi-10.3-2021.10/bin/../lib/gcc/arm-none-eabi/10.3.1/thumb/v7-m/nofp/libgcc.a
LOAD /home/abadr99/gcc-arm-none-eabi-10.3-2021.10/bin/../lib/gcc/arm-none-eabi/10.3.1/../../../../arm-none-eabi/lib/thumb/v7-m/nofp/libc_nano.a
LOAD /home/abadr99/gcc-arm-none-eabi-10.3-2021.10/bin/../lib/gcc/arm-none-eabi/10.3.1/../../../../arm-none-eabi/lib/thumb/v7-m/nofp/librdimon_nano.a
END GROUP
START GROUP
LOAD /home/abadr99/gcc-arm-none-eabi-10.3-2021.10/bin/../lib/gcc/arm-none-eabi/10.3.1/thumb/v7-m/nofp/libgcc.a
LOAD /home/abadr99/gcc-arm-none-eabi-10.3-2021.10/bin/../lib/gcc/arm-none-eabi/10.3.1/../../../../arm-none-eabi/lib/thumb/v7-m/nofp/libc_nano.a
LOAD /home/abadr99/gcc-arm-none-eabi-10.3-2021.10/bin/../lib/gcc/arm-none-eabi/10.3.1/../../../../arm-none-eabi/lib/thumb/v7-m/nofp/librdimon_nano.a
END GROUP
LOAD /home/abadr99/gcc-arm-none-eabi-10.3-2021.10/bin/../lib/gcc/arm-none-eabi/10.3.1/thumb/v7-m/nofp/crtend.o
LOAD /home/abadr99/gcc-arm-none-eabi-10.3-2021.10/bin/../lib/gcc/arm-none-eabi/10.3.1/thumb/v7-m/nofp/crtn.o
                0x0000000020005000                _estack = (ORIGIN (RAM) + LENGTH (RAM))
                0x0000000000000200                _Min_Heap_Size = 0x200
                0x0000000000000400                _Min_Stack_Size = 0x400

.isr_vectors    0x0000000008000000      0x130
                0x0000000008000000                . = ALIGN (0x4)
 *(.isr_vectors)
 .isr_vectors   0x0000000008000000      0x130 /tmp/alarm.elf.FL6JRI.ltrans0.ltrans.o
 *(.vector_table)
                0x0000000008000130                . = ALIGN (0x4)

.text           0x0000000008000130     0x2138
                0x0000000008000130                . = ALIGN (0x4)
 *(.text)
 .text          0x0000000008000130       0x14 /home/abadr99/gcc-arm-none-eabi-10.3-2021.10/bin/../lib/gcc/arm-none-eabi/10.3.1/../../../../arm-none-eabi/lib/thumb/v7-m/nofp/libg_nano.a(lib_a-strcmp.o)
                0x0000000008000130                strcmp
 .text          0x0000000008000144       0x10 /home/abadr99/gcc-arm-none-eabi-10.3-2021.10/bin/../lib/gcc/arm-none-eabi/10.3.1/../../../../arm-none-eabi/lib/thumb/v7-m/nofp/libc_nano.a(lib_a-strlen.o)
                0x0000000008000144                strlen
 *(.text*)
 .text.Default_Handler
                0x0000000008000154        0x4 /tmp/alarm.elf.FL6JRI.ltrans0.ltrans.o
 .text.startup.main
                0x0000000008000158       0x70 /tmp/alarm.elf.FL6JRI.ltrans0.ltrans.o
                0x0000000008000158                main
 .text.Reset_Handler
                0x00000000080001c8       0xac /tmp/alarm.elf.FL6JRI.ltrans0.ltrans.o
                0x00000000080001c8                Reset_Handler
 .text._ZN5stm323dev4mcal3pin3PinC2ENS2_4PortENS2_9PinNumberENS2_7PinModeE
                0x0000000008000274       0x14 ./stm32f103cpp.a(Pin.o)
                0x0000000008000274                stm32::dev::mcal::pin::Pin::Pin(stm32::dev::mcal::pin::Port, stm32::dev::mcal::pin::PinNumber, stm32::dev::mcal::pin::PinMode)
                0x0000000008000274                stm32::dev::mcal::pin::Pin::Pin(stm32::dev::mcal::pin::Port, stm32::dev::mcal::pin::PinNumber, stm32::dev::mcal::pin::PinMode)
 .text._ZN5stm323dev4mcal3pin3Pin7GetPortEv
                0x0000000008000288        0x8 ./stm32f103cpp.a(Pin.o)
                0x0000000008000288                stm32::dev::mcal::pin::Pin::GetPort()
 .text._ZNK5stm323dev4mcal3pin3Pin7GetPortEv
                0x0000000008000290        0x8 ./stm32f103cpp.a(Pin.o)
                0x0000000008000290                stm32::dev::mcal::pin::Pin::GetPort() const
 .text._ZNK5stm323dev4mcal3pin3Pin12GetPinNumberEv
                0x0000000008000298        0x8 ./stm32f103cpp.a(Pin.o)
                0x0000000008000298                stm32::dev::mcal::pin::Pin::GetPinNumber() const
 .text._ZNK5stm323dev4mcal3pin3Pin10GetPinModeEv
                0x00000000080002a0        0x8 ./stm32f103cpp.a(Pin.o)
                0x00000000080002a0                stm32::dev::mcal::pin::Pin::GetPinMode() const
 .text._ZNK5stm323dev4mcal3pin3Pin8IsOutputEv
                0x00000000080002a8        0x4 ./stm32f103cpp.a(Pin.o)
                0x00000000080002a8                stm32::dev::mcal::pin::Pin::IsOutput() const
 .text._ZN5stm324util19MapPortToPeripheralENS_3dev4mcal3pin4PortE.part.0
                0x00000000080002ac       0x30 ./stm32f103cpp.a(Led.o)
 .text._ZN5stm323dev3hal3led3LedILNS_4type14ConnectionTypeE0EEC2ERKNS0_4mcal3pin3PinE
                0x00000000080002dc       0x64 ./stm32f103cpp.a(Led.o)
                0x00000000080002dc                stm32::dev::hal::led::Led<(stm32::type::ConnectionType)0>::Led(stm32::dev::mcal::pin::Pin const&)
                0x00000000080002dc                stm32::dev::hal::led::Led<(stm32::type::ConnectionType)0>::Led(stm32::dev::mcal::pin::Pin const&)
 .text._ZN5stm323dev3hal3led3LedILNS_4type14ConnectionTypeE0EE6TurnOnEv
                0x0000000008000340       0x10 ./stm32f103cpp.a(Led.o)
                0x0000000008000340                stm32::dev::hal::led::Led<(stm32::type::ConnectionType)0>::TurnOn()
 .text._ZN5stm323dev3hal3led3LedILNS_4type14ConnectionTypeE0EE7TurnOffEv
                0x0000000008000350       0x10 ./stm32f103cpp.a(Led.o)
                0x0000000008000350                stm32::dev::hal::led::Led<(stm32::type::ConnectionType)0>::TurnOff()
 .text._ZN5stm324util19MapPortToPeripheralENS_3dev4mcal3pin4PortE.part.0
                0x0000000008000360       0x30 ./stm32f103cpp.a(Buzzer.o)
 .text._ZN5stm323dev3hal6buzzer6BuzzerILNS_4type14ConnectionTypeE0EEC2ERKNS0_4mcal3pin3PinE
                0x0000000008000390       0x6c ./stm32f103cpp.a(Buzzer.o)
                0x0000000008000390                stm32::dev::hal::buzzer::Buzzer<(stm32::type::ConnectionType)0>::Buzzer(stm32::dev::mcal::pin::Pin const&)
                0x0000000008000390                stm32::dev::hal::buzzer::Buzzer<(stm32::type::ConnectionType)0>::Buzzer(stm32::dev::mcal::pin::Pin const&)
 .text._ZN5stm323dev3hal6buzzer6BuzzerILNS_4type14ConnectionTypeE0EE6TurnOnEv
                0x00000000080003fc       0x14 ./stm32f103cpp.a(Buzzer.o)
                0x00000000080003fc                stm32::dev::hal::buzzer::Buzzer<(stm32::type::ConnectionType)0>::TurnOn()
 .text._ZN5stm323dev3hal6buzzer6BuzzerILNS_4type14ConnectionTypeE0EE7TurnOffEv
                0x0000000008000410       0x14 ./stm32f103cpp.a(Buzzer.o)
                0x0000000008000410                stm32::dev::hal::buzzer::Buzzer<(stm32::type::ConnectionType)0>::TurnOff()
 .text._ZN5stm325utils6logger6Logger5PrintEPKc
                0x0000000008000424       0x20 ./stm32f103cpp.a(Logger.o)
                0x0000000008000424                stm32::utils::logger::Logger::Print(char const*)
 .text._ZN5stm325utils6logger6Logger5ErrorEPKc
                0x0000000008000444       0x38 ./stm32f103cpp.a(Logger.o)
                0x0000000008000444                stm32::utils::logger::Logger::Error(char const*)
 .text._ZN5stm323dev4mcal3rcc3Rcc6EnableENS_11peripherals10PeripheralE
                0x000000000800047c      0x270 ./stm32f103cpp.a(Rcc.o)
                0x000000000800047c                stm32::dev::mcal::rcc::Rcc::Enable(stm32::peripherals::Peripheral)
 .text._ZN5stm323dev4mcal4gpio4Gpio3SetERKNS1_3pin3PinE
                0x00000000080006ec       0xd8 ./stm32f103cpp.a(Gpio.o)
                0x00000000080006ec                stm32::dev::mcal::gpio::Gpio::Set(stm32::dev::mcal::pin::Pin const&)
 .text._ZN5stm323dev4mcal4gpio4Gpio11SetPinValueERKNS1_3pin3PinENS_4type14DigitalVoltageE
                0x00000000080007c4       0x3c ./stm32f103cpp.a(Gpio.o)
                0x00000000080007c4                stm32::dev::mcal::gpio::Gpio::SetPinValue(stm32::dev::mcal::pin::Pin const&, stm32::type::DigitalVoltage)
 .text._ZNSt17_Function_handlerIFbvEZN5stm323dev4mcal5usart5Usart8TransmitEtEUlvE_E9_M_invokeERKSt9_Any_data
                0x0000000008000800       0x14 ./stm32f103cpp.a(Usart.o)
 .text._ZNSt17_Function_handlerIFbvEZN5stm323dev4mcal5usart5Usart8TransmitEtEUlvE0_E9_M_invokeERKSt9_Any_data
                0x0000000008000814       0x14 ./stm32f103cpp.a(Usart.o)
 .text._ZN5stm324util8BusyWaitILi2000EEEvRKSt8functionIFbvEE.part.0
                0x0000000008000828       0x30 ./stm32f103cpp.a(Usart.o)
 .text._ZNSt17_Function_handlerIFbvEZN5stm323dev4mcal5usart5Usart8TransmitEtEUlvE_E10_M_managerERSt9_Any_dataRKS8_St18_Manager_operation
                0x0000000008000858       0x18 ./stm32f103cpp.a(Usart.o)
 .text._ZNSt17_Function_handlerIFbvEZN5stm323dev4mcal5usart5Usart8TransmitEtEUlvE0_E10_M_managerERSt9_Any_dataRKS8_St18_Manager_operation
                0x0000000008000870       0x18 ./stm32f103cpp.a(Usart.o)
 .text._ZN5stm323dev4mcal5usart5Usart8TransmitEt
                0x0000000008000888       0xa0 ./stm32f103cpp.a(Usart.o)
                0x0000000008000888                stm32::dev::mcal::usart::Usart::Transmit(unsigned short)
 .text.USART1_IRQHandler
                0x0000000008000928       0x54 ./stm32f103cpp.a(Usart.o)
                0x0000000008000928                USART1_IRQHandler
 .text.USART2_IRQHandler
                0x000000000800097c       0x54 ./stm32f103cpp.a(Usart.o)
                0x000000000800097c                USART2_IRQHandler
 .text.USART3_IRQHandler
                0x00000000080009d0       0x54 ./stm32f103cpp.a(Usart.o)
                0x00000000080009d0                USART3_IRQHandler
 .text._ZNK10__cxxabiv117__class_type_info11__do_upcastEPKS0_PPv
                0x0000000008000a24       0x32 /home/abadr99/gcc-arm-none-eabi-10.3-2021.10/bin/../lib/gcc/arm-none-eabi/10.3.1/../../../../arm-none-eabi/lib/thumb/v7-m/nofp/libstdc++_nano.a(class_type_info.o)
                0x0000000008000a24                __cxxabiv1::__class_type_info::__do_upcast(__cxxabiv1::__class_type_info const*, void**) const
 .text._ZNK10__cxxabiv117__class_type_info20__do_find_public_srcEiPKvPKS0_S2_
                0x0000000008000a56        0xc /home/abadr99/gcc-arm-none-eabi-10.3-2021.10/bin/../lib/gcc/arm-none-eabi/10.3.1/../../../../arm-none-eabi/lib/thumb/v7-m/nofp/libstdc++_nano.a(class_type_info.o)
                0x0000000008000a56                __cxxabiv1::__class_type_info::__do_find_public_src(int, void const*, __cxxabiv1::__class_type_info const*, void const*) const
 *fill*         0x0000000008000a62        0x2 
 .text._ZN10__cxxabiv117__class_type_infoD2Ev
                0x0000000008000a64       0x14 /home/abadr99/gcc-arm-none-eabi-10.3-2021.10/bin/../lib/gcc/arm-none-eabi/10.3.1/../../../../arm-none-eabi/lib/thumb/v7-m/nofp/libstdc++_nano.a(class_type_info.o)
                0x0000000008000a64                __cxxabiv1::__class_type_info::~__class_type_info()
                0x0000000008000a64                __cxxabiv1::__class_type_info::~__class_type_info()
 .text._ZN10__cxxabiv117__class_type_infoD0Ev
                0x0000000008000a78       0x14 /home/abadr99/gcc-arm-none-eabi-10.3-2021.10/bin/../lib/gcc/arm-none-eabi/10.3.1/../../../../arm-none-eabi/lib/thumb/v7-m/nofp/libstdc++_nano.a(class_type_info.o)
                0x0000000008000a78                __cxxabiv1::__class_type_info::~__class_type_info()
 .text._ZNK10__cxxabiv117__class_type_info12__do_dyncastEiNS0_10__sub_kindEPKS0_PKvS3_S5_RNS0_16__dyncast_resultE
                0x0000000008000a8c       0x3e /home/abadr99/gcc-arm-none-eabi-10.3-2021.10/bin/../lib/gcc/arm-none-eabi/10.3.1/../../../../arm-none-eabi/lib/thumb/v7-m/nofp/libstdc++_nano.a(class_type_info.o)
                0x0000000008000a8c                __cxxabiv1::__class_type_info::__do_dyncast(int, __cxxabiv1::__class_type_info::__sub_kind, __cxxabiv1::__class_type_info const*, void const*, __cxxabiv1::__class_type_info const*, void const*, __cxxabiv1::__class_type_info::__dyncast_result&) const
 .text._ZNK10__cxxabiv117__class_type_info11__do_upcastEPKS0_PKvRNS0_15__upcast_resultE
                0x0000000008000aca       0x18 /home/abadr99/gcc-arm-none-eabi-10.3-2021.10/bin/../lib/gcc/arm-none-eabi/10.3.1/../../../../arm-none-eabi/lib/thumb/v7-m/nofp/libstdc++_nano.a(class_type_info.o)
                0x0000000008000aca                __cxxabiv1::__class_type_info::__do_upcast(__cxxabiv1::__class_type_info const*, void const*, __cxxabiv1::__class_type_info::__upcast_result&) const
 .text._ZNK10__cxxabiv117__class_type_info10__do_catchEPKSt9type_infoPPvj
                0x0000000008000ae2       0x2a /home/abadr99/gcc-arm-none-eabi-10.3-2021.10/bin/../lib/gcc/arm-none-eabi/10.3.1/../../../../arm-none-eabi/lib/thumb/v7-m/nofp/libstdc++_nano.a(class_type_info.o)
                0x0000000008000ae2                __cxxabiv1::__class_type_info::__do_catch(std::type_info const*, void**, unsigned int) const
 .text._ZdlPvj  0x0000000008000b0c        0x4 /home/abadr99/gcc-arm-none-eabi-10.3-2021.10/bin/../lib/gcc/arm-none-eabi/10.3.1/../../../../arm-none-eabi/lib/thumb/v7-m/nofp/libstdc++_nano.a(del_ops.o)
                0x0000000008000b0c                operator delete(void*, unsigned int)
 .text._ZN10__cxxabiv120__si_class_type_infoD2Ev
                0x0000000008000b10       0x14 /home/abadr99/gcc-arm-none-eabi-10.3-2021.10/bin/../lib/gcc/arm-none-eabi/10.3.1/../../../../arm-none-eabi/lib/thumb/v7-m/nofp/libstdc++_nano.a(si_class_type_info.o)
                0x0000000008000b10                __cxxabiv1::__si_class_type_info::~__si_class_type_info()
                0x0000000008000b10                __cxxabiv1::__si_class_type_info::~__si_class_type_info()
 .text._ZN10__cxxabiv120__si_class_type_infoD0Ev
                0x0000000008000b24       0x14 /home/abadr99/gcc-arm-none-eabi-10.3-2021.10/bin/../lib/gcc/arm-none-eabi/10.3.1/../../../../arm-none-eabi/lib/thumb/v7-m/nofp/libstdc++_nano.a(si_class_type_info.o)
                0x0000000008000b24                __cxxabiv1::__si_class_type_info::~__si_class_type_info()
 .text._ZNK10__cxxabiv120__si_class_type_info20__do_find_public_srcEiPKvPKNS_17__class_type_infoES2_
                0x0000000008000b38       0x3c /home/abadr99/gcc-arm-none-eabi-10.3-2021.10/bin/../lib/gcc/arm-none-eabi/10.3.1/../../../../arm-none-eabi/lib/thumb/v7-m/nofp/libstdc++_nano.a(si_class_type_info.o)
                0x0000000008000b38                __cxxabiv1::__si_class_type_info::__do_find_public_src(int, void const*, __cxxabiv1::__class_type_info const*, void const*) const
 .text._ZNK10__cxxabiv120__si_class_type_info12__do_dyncastEiNS_17__class_type_info10__sub_kindEPKS1_PKvS4_S6_RNS1_16__dyncast_resultE
                0x0000000008000b74       0x74 /home/abadr99/gcc-arm-none-eabi-10.3-2021.10/bin/../lib/gcc/arm-none-eabi/10.3.1/../../../../arm-none-eabi/lib/thumb/v7-m/nofp/libstdc++_nano.a(si_class_type_info.o)
                0x0000000008000b74                __cxxabiv1::__si_class_type_info::__do_dyncast(int, __cxxabiv1::__class_type_info::__sub_kind, __cxxabiv1::__class_type_info const*, void const*, __cxxabiv1::__class_type_info const*, void const*, __cxxabiv1::__class_type_info::__dyncast_result&) const
 .text._ZNK10__cxxabiv120__si_class_type_info11__do_upcastEPKNS_17__class_type_infoEPKvRNS1_15__upcast_resultE
                0x0000000008000be8       0x2a /home/abadr99/gcc-arm-none-eabi-10.3-2021.10/bin/../lib/gcc/arm-none-eabi/10.3.1/../../../../arm-none-eabi/lib/thumb/v7-m/nofp/libstdc++_nano.a(si_class_type_info.o)
                0x0000000008000be8                __cxxabiv1::__si_class_type_info::__do_upcast(__cxxabiv1::__class_type_info const*, void const*, __cxxabiv1::__class_type_info::__upcast_result&) const
 .text._ZNSt9type_infoD2Ev
                0x0000000008000c12        0x2 /home/abadr99/gcc-arm-none-eabi-10.3-2021.10/bin/../lib/gcc/arm-none-eabi/10.3.1/../../../../arm-none-eabi/lib/thumb/v7-m/nofp/libstdc++_nano.a(tinfo.o)
                0x0000000008000c12                std::type_info::~type_info()
                0x0000000008000c12                std::type_info::~type_info()
 .text._ZNKSt9type_info14__is_pointer_pEv
                0x0000000008000c14        0x4 /home/abadr99/gcc-arm-none-eabi-10.3-2021.10/bin/../lib/gcc/arm-none-eabi/10.3.1/../../../../arm-none-eabi/lib/thumb/v7-m/nofp/libstdc++_nano.a(tinfo.o)
                0x0000000008000c14                std::type_info::__is_function_p() const
                0x0000000008000c14                std::type_info::__is_pointer_p() const
 .text._ZNKSt9type_infoeqERKS_
                0x0000000008000c18       0x2c /home/abadr99/gcc-arm-none-eabi-10.3-2021.10/bin/../lib/gcc/arm-none-eabi/10.3.1/../../../../arm-none-eabi/lib/thumb/v7-m/nofp/libstdc++_nano.a(tinfo.o)
                0x0000000008000c18                std::type_info::operator==(std::type_info const&) const
 .text.unlikely._ZSt25__throw_bad_function_callv
                0x0000000008000c44        0x6 /home/abadr99/gcc-arm-none-eabi-10.3-2021.10/bin/../lib/gcc/arm-none-eabi/10.3.1/../../../../arm-none-eabi/lib/thumb/v7-m/nofp/libstdc++_nano.a(functional.o)
                0x0000000008000c44                std::__throw_bad_function_call()
 .text._ZdlPv   0x0000000008000c4a        0x4 /home/abadr99/gcc-arm-none-eabi-10.3-2021.10/bin/../lib/gcc/arm-none-eabi/10.3.1/../../../../arm-none-eabi/lib/thumb/v7-m/nofp/libstdc++_nano.a(del_op.o)
                0x0000000008000c4a                operator delete(void*)
 .text.abort    0x0000000008000c4e        0xe /home/abadr99/gcc-arm-none-eabi-10.3-2021.10/bin/../lib/gcc/arm-none-eabi/10.3.1/../../../../arm-none-eabi/lib/thumb/v7-m/nofp/libg_nano.a(lib_a-abort.o)
                0x0000000008000c4e                abort
 .text.__assert_func
                0x0000000008000c5c       0x3c /home/abadr99/gcc-arm-none-eabi-10.3-2021.10/bin/../lib/gcc/arm-none-eabi/10.3.1/../../../../arm-none-eabi/lib/thumb/v7-m/nofp/libg_nano.a(lib_a-assert.o)
                0x0000000008000c5c                __assert_func
 .text.fprintf  0x0000000008000c98       0x24 /home/abadr99/gcc-arm-none-eabi-10.3-2021.10/bin/../lib/gcc/arm-none-eabi/10.3.1/../../../../arm-none-eabi/lib/thumb/v7-m/nofp/libg_nano.a(lib_a-fprintf.o)
                0x0000000008000c98                fprintf
                0x0000000008000c98                fiprintf
 .text.malloc   0x0000000008000cbc       0x10 /home/abadr99/gcc-arm-none-eabi-10.3-2021.10/bin/../lib/gcc/arm-none-eabi/10.3.1/../../../../arm-none-eabi/lib/thumb/v7-m/nofp/libg_nano.a(lib_a-malloc.o)
                0x0000000008000cbc                malloc
 .text.free     0x0000000008000ccc       0x10 /home/abadr99/gcc-arm-none-eabi-10.3-2021.10/bin/../lib/gcc/arm-none-eabi/10.3.1/../../../../arm-none-eabi/lib/thumb/v7-m/nofp/libg_nano.a(lib_a-malloc.o)
                0x0000000008000ccc                free
 .text.memset   0x0000000008000cdc       0x10 /home/abadr99/gcc-arm-none-eabi-10.3-2021.10/bin/../lib/gcc/arm-none-eabi/10.3.1/../../../../arm-none-eabi/lib/thumb/v7-m/nofp/libg_nano.a(lib_a-memset.o)
                0x0000000008000cdc                memset
 .text._free_r  0x0000000008000cec       0x90 /home/abadr99/gcc-arm-none-eabi-10.3-2021.10/bin/../lib/gcc/arm-none-eabi/10.3.1/../../../../arm-none-eabi/lib/thumb/v7-m/nofp/libg_nano.a(lib_a-nano-freer.o)
                0x0000000008000cec                _free_r
 .text.sbrk_aligned
                0x0000000008000d7c       0x40 /home/abadr99/gcc-arm-none-eabi-10.3-2021.10/bin/../lib/gcc/arm-none-eabi/10.3.1/../../../../arm-none-eabi/lib/thumb/v7-m/nofp/libg_nano.a(lib_a-nano-mallocr.o)
 .text._malloc_r
                0x0000000008000dbc       0xe8 /home/abadr99/gcc-arm-none-eabi-10.3-2021.10/bin/../lib/gcc/arm-none-eabi/10.3.1/../../../../arm-none-eabi/lib/thumb/v7-m/nofp/libg_nano.a(lib_a-nano-mallocr.o)
                0x0000000008000dbc                _malloc_r
 .text.__sfputc_r
                0x0000000008000ea4       0x2a /home/abadr99/gcc-arm-none-eabi-10.3-2021.10/bin/../lib/gcc/arm-none-eabi/10.3.1/../../../../arm-none-eabi/lib/thumb/v7-m/nofp/libg_nano.a(lib_a-nano-vfprintf.o)
 .text.__sfputs_r
                0x0000000008000ece       0x24 /home/abadr99/gcc-arm-none-eabi-10.3-2021.10/bin/../lib/gcc/arm-none-eabi/10.3.1/../../../../arm-none-eabi/lib/thumb/v7-m/nofp/libg_nano.a(lib_a-nano-vfprintf.o)
                0x0000000008000ece                __sfputs_r
 *fill*         0x0000000008000ef2        0x2 
 .text._vfprintf_r
                0x0000000008000ef4      0x260 /home/abadr99/gcc-arm-none-eabi-10.3-2021.10/bin/../lib/gcc/arm-none-eabi/10.3.1/../../../../arm-none-eabi/lib/thumb/v7-m/nofp/libg_nano.a(lib_a-nano-vfprintf.o)
                0x0000000008000ef4                _vfiprintf_r
                0x0000000008000ef4                _vfprintf_r
 .text._printf_common
                0x0000000008001154       0xde /home/abadr99/gcc-arm-none-eabi-10.3-2021.10/bin/../lib/gcc/arm-none-eabi/10.3.1/../../../../arm-none-eabi/lib/thumb/v7-m/nofp/libg_nano.a(lib_a-nano-vfprintf_i.o)
                0x0000000008001154                _printf_common
 *fill*         0x0000000008001232        0x2 
 .text._printf_i
                0x0000000008001234      0x24c /home/abadr99/gcc-arm-none-eabi-10.3-2021.10/bin/../lib/gcc/arm-none-eabi/10.3.1/../../../../arm-none-eabi/lib/thumb/v7-m/nofp/libg_nano.a(lib_a-nano-vfprintf_i.o)
                0x0000000008001234                _printf_i
 .text.srand    0x0000000008001480       0x5c /home/abadr99/gcc-arm-none-eabi-10.3-2021.10/bin/../lib/gcc/arm-none-eabi/10.3.1/../../../../arm-none-eabi/lib/thumb/v7-m/nofp/libg_nano.a(lib_a-rand.o)
                0x0000000008001480                srand
 .text.rand     0x00000000080014dc       0x7c /home/abadr99/gcc-arm-none-eabi-10.3-2021.10/bin/../lib/gcc/arm-none-eabi/10.3.1/../../../../arm-none-eabi/lib/thumb/v7-m/nofp/libg_nano.a(lib_a-rand.o)
                0x00000000080014dc                rand
 .text._sbrk_r  0x0000000008001558       0x20 /home/abadr99/gcc-arm-none-eabi-10.3-2021.10/bin/../lib/gcc/arm-none-eabi/10.3.1/../../../../arm-none-eabi/lib/thumb/v7-m/nofp/libg_nano.a(lib_a-sbrkr.o)
                0x0000000008001558                _sbrk_r
 .text._raise_r
                0x0000000008001578       0x50 /home/abadr99/gcc-arm-none-eabi-10.3-2021.10/bin/../lib/gcc/arm-none-eabi/10.3.1/../../../../arm-none-eabi/lib/thumb/v7-m/nofp/libg_nano.a(lib_a-signal.o)
                0x0000000008001578                _raise_r
 .text.raise    0x00000000080015c8       0x10 /home/abadr99/gcc-arm-none-eabi-10.3-2021.10/bin/../lib/gcc/arm-none-eabi/10.3.1/../../../../arm-none-eabi/lib/thumb/v7-m/nofp/libg_nano.a(lib_a-signal.o)
                0x00000000080015c8                raise
 .text._kill_r  0x00000000080015d8       0x24 /home/abadr99/gcc-arm-none-eabi-10.3-2021.10/bin/../lib/gcc/arm-none-eabi/10.3.1/../../../../arm-none-eabi/lib/thumb/v7-m/nofp/libg_nano.a(lib_a-signalr.o)
                0x00000000080015d8                _kill_r
 .text._getpid_r
                0x00000000080015fc        0x4 /home/abadr99/gcc-arm-none-eabi-10.3-2021.10/bin/../lib/gcc/arm-none-eabi/10.3.1/../../../../arm-none-eabi/lib/thumb/v7-m/nofp/libg_nano.a(lib_a-signalr.o)
                0x00000000080015fc                _getpid_r
 .text.__swbuf_r
                0x0000000008001600       0xa4 /home/abadr99/gcc-arm-none-eabi-10.3-2021.10/bin/../lib/gcc/arm-none-eabi/10.3.1/../../../../arm-none-eabi/lib/thumb/v7-m/nofp/libg_nano.a(lib_a-wbuf.o)
                0x0000000008001600                __swbuf_r
 .text.__swsetup_r
                0x00000000080016a4       0xdc /home/abadr99/gcc-arm-none-eabi-10.3-2021.10/bin/../lib/gcc/arm-none-eabi/10.3.1/../../../../arm-none-eabi/lib/thumb/v7-m/nofp/libg_nano.a(lib_a-wsetup.o)
                0x00000000080016a4                __swsetup_r
 .text.__sflush_r
                0x0000000008001780      0x104 /home/abadr99/gcc-arm-none-eabi-10.3-2021.10/bin/../lib/gcc/arm-none-eabi/10.3.1/../../../../arm-none-eabi/lib/thumb/v7-m/nofp/libg_nano.a(lib_a-fflush.o)
                0x0000000008001780                __sflush_r
 .text._fflush_r
                0x0000000008001884       0x78 /home/abadr99/gcc-arm-none-eabi-10.3-2021.10/bin/../lib/gcc/arm-none-eabi/10.3.1/../../../../arm-none-eabi/lib/thumb/v7-m/nofp/libg_nano.a(lib_a-fflush.o)
                0x0000000008001884                _fflush_r
 .text.std      0x00000000080018fc       0x48 /home/abadr99/gcc-arm-none-eabi-10.3-2021.10/bin/../lib/gcc/arm-none-eabi/10.3.1/../../../../arm-none-eabi/lib/thumb/v7-m/nofp/libg_nano.a(lib_a-findfp.o)
 .text._cleanup_r
                0x0000000008001944        0xc /home/abadr99/gcc-arm-none-eabi-10.3-2021.10/bin/../lib/gcc/arm-none-eabi/10.3.1/../../../../arm-none-eabi/lib/thumb/v7-m/nofp/libg_nano.a(lib_a-findfp.o)
                0x0000000008001944                _cleanup_r
 .text.__sfmoreglue
                0x0000000008001950       0x2c /home/abadr99/gcc-arm-none-eabi-10.3-2021.10/bin/../lib/gcc/arm-none-eabi/10.3.1/../../../../arm-none-eabi/lib/thumb/v7-m/nofp/libg_nano.a(lib_a-findfp.o)
                0x0000000008001950                __sfmoreglue
 .text.__sfp_lock_acquire
                0x000000000800197c        0xc /home/abadr99/gcc-arm-none-eabi-10.3-2021.10/bin/../lib/gcc/arm-none-eabi/10.3.1/../../../../arm-none-eabi/lib/thumb/v7-m/nofp/libg_nano.a(lib_a-findfp.o)
                0x000000000800197c                __sfp_lock_acquire
 .text.__sfp_lock_release
                0x0000000008001988        0xc /home/abadr99/gcc-arm-none-eabi-10.3-2021.10/bin/../lib/gcc/arm-none-eabi/10.3.1/../../../../arm-none-eabi/lib/thumb/v7-m/nofp/libg_nano.a(lib_a-findfp.o)
                0x0000000008001988                __sfp_lock_release
 .text.__sinit_lock_acquire
                0x0000000008001994        0xc /home/abadr99/gcc-arm-none-eabi-10.3-2021.10/bin/../lib/gcc/arm-none-eabi/10.3.1/../../../../arm-none-eabi/lib/thumb/v7-m/nofp/libg_nano.a(lib_a-findfp.o)
                0x0000000008001994                __sinit_lock_acquire
 .text.__sinit_lock_release
                0x00000000080019a0        0xc /home/abadr99/gcc-arm-none-eabi-10.3-2021.10/bin/../lib/gcc/arm-none-eabi/10.3.1/../../../../arm-none-eabi/lib/thumb/v7-m/nofp/libg_nano.a(lib_a-findfp.o)
                0x00000000080019a0                __sinit_lock_release
 .text.__sinit  0x00000000080019ac       0x70 /home/abadr99/gcc-arm-none-eabi-10.3-2021.10/bin/../lib/gcc/arm-none-eabi/10.3.1/../../../../arm-none-eabi/lib/thumb/v7-m/nofp/libg_nano.a(lib_a-findfp.o)
                0x00000000080019ac                __sinit
 .text.__sfp    0x0000000008001a1c       0x8c /home/abadr99/gcc-arm-none-eabi-10.3-2021.10/bin/../lib/gcc/arm-none-eabi/10.3.1/../../../../arm-none-eabi/lib/thumb/v7-m/nofp/libg_nano.a(lib_a-findfp.o)
                0x0000000008001a1c                __sfp
 .text._fwalk_reent
                0x0000000008001aa8       0x3e /home/abadr99/gcc-arm-none-eabi-10.3-2021.10/bin/../lib/gcc/arm-none-eabi/10.3.1/../../../../arm-none-eabi/lib/thumb/v7-m/nofp/libg_nano.a(lib_a-fwalk.o)
                0x0000000008001aa8                _fwalk_reent
 .text.__retarget_lock_init_recursive
                0x0000000008001ae6        0x2 /home/abadr99/gcc-arm-none-eabi-10.3-2021.10/bin/../lib/gcc/arm-none-eabi/10.3.1/../../../../arm-none-eabi/lib/thumb/v7-m/nofp/libg_nano.a(lib_a-lock.o)
                0x0000000008001ae6                __retarget_lock_init_recursive
 .text.__retarget_lock_acquire_recursive
                0x0000000008001ae8        0x2 /home/abadr99/gcc-arm-none-eabi-10.3-2021.10/bin/../lib/gcc/arm-none-eabi/10.3.1/../../../../arm-none-eabi/lib/thumb/v7-m/nofp/libg_nano.a(lib_a-lock.o)
                0x0000000008001ae8                __retarget_lock_acquire_recursive
 .text.__retarget_lock_release_recursive
                0x0000000008001aea        0x2 /home/abadr99/gcc-arm-none-eabi-10.3-2021.10/bin/../lib/gcc/arm-none-eabi/10.3.1/../../../../arm-none-eabi/lib/thumb/v7-m/nofp/libg_nano.a(lib_a-lock.o)
                0x0000000008001aea                __retarget_lock_release_recursive
 .text.__swhatbuf_r
                0x0000000008001aec       0x4a /home/abadr99/gcc-arm-none-eabi-10.3-2021.10/bin/../lib/gcc/arm-none-eabi/10.3.1/../../../../arm-none-eabi/lib/thumb/v7-m/nofp/libg_nano.a(lib_a-makebuf.o)
                0x0000000008001aec                __swhatbuf_r
 *fill*         0x0000000008001b36        0x2 
 .text.__smakebuf_r
                0x0000000008001b38       0x80 /home/abadr99/gcc-arm-none-eabi-10.3-2021.10/bin/../lib/gcc/arm-none-eabi/10.3.1/../../../../arm-none-eabi/lib/thumb/v7-m/nofp/libg_nano.a(lib_a-makebuf.o)
                0x0000000008001b38                __smakebuf_r
 .text.memchr   0x0000000008001bb8       0x1c /home/abadr99/gcc-arm-none-eabi-10.3-2021.10/bin/../lib/gcc/arm-none-eabi/10.3.1/../../../../arm-none-eabi/lib/thumb/v7-m/nofp/libg_nano.a(lib_a-memchr-stub.o)
                0x0000000008001bb8                memchr
 .text.__malloc_lock
                0x0000000008001bd4        0xc /home/abadr99/gcc-arm-none-eabi-10.3-2021.10/bin/../lib/gcc/arm-none-eabi/10.3.1/../../../../arm-none-eabi/lib/thumb/v7-m/nofp/libg_nano.a(lib_a-mlock.o)
                0x0000000008001bd4                __malloc_lock
 .text.__malloc_unlock
                0x0000000008001be0        0xc /home/abadr99/gcc-arm-none-eabi-10.3-2021.10/bin/../lib/gcc/arm-none-eabi/10.3.1/../../../../arm-none-eabi/lib/thumb/v7-m/nofp/libg_nano.a(lib_a-mlock.o)
                0x0000000008001be0                __malloc_unlock
 .text.__sread  0x0000000008001bec       0x22 /home/abadr99/gcc-arm-none-eabi-10.3-2021.10/bin/../lib/gcc/arm-none-eabi/10.3.1/../../../../arm-none-eabi/lib/thumb/v7-m/nofp/libg_nano.a(lib_a-stdio.o)
                0x0000000008001bec                __sread
 .text.__swrite
                0x0000000008001c0e       0x38 /home/abadr99/gcc-arm-none-eabi-10.3-2021.10/bin/../lib/gcc/arm-none-eabi/10.3.1/../../../../arm-none-eabi/lib/thumb/v7-m/nofp/libg_nano.a(lib_a-stdio.o)
                0x0000000008001c0e                __swrite
 .text.__sseek  0x0000000008001c46       0x24 /home/abadr99/gcc-arm-none-eabi-10.3-2021.10/bin/../lib/gcc/arm-none-eabi/10.3.1/../../../../arm-none-eabi/lib/thumb/v7-m/nofp/libg_nano.a(lib_a-stdio.o)
                0x0000000008001c46                __sseek
 .text.__sclose
                0x0000000008001c6a        0x8 /home/abadr99/gcc-arm-none-eabi-10.3-2021.10/bin/../lib/gcc/arm-none-eabi/10.3.1/../../../../arm-none-eabi/lib/thumb/v7-m/nofp/libg_nano.a(lib_a-stdio.o)
                0x0000000008001c6a                __sclose
 *fill*         0x0000000008001c72        0x2 
 .text._write_r
                0x0000000008001c74       0x24 /home/abadr99/gcc-arm-none-eabi-10.3-2021.10/bin/../lib/gcc/arm-none-eabi/10.3.1/../../../../arm-none-eabi/lib/thumb/v7-m/nofp/libg_nano.a(lib_a-writer.o)
                0x0000000008001c74                _write_r
 .text._close_r
                0x0000000008001c98       0x20 /home/abadr99/gcc-arm-none-eabi-10.3-2021.10/bin/../lib/gcc/arm-none-eabi/10.3.1/../../../../arm-none-eabi/lib/thumb/v7-m/nofp/libg_nano.a(lib_a-closer.o)
                0x0000000008001c98                _close_r
 .text._fstat_r
                0x0000000008001cb8       0x24 /home/abadr99/gcc-arm-none-eabi-10.3-2021.10/bin/../lib/gcc/arm-none-eabi/10.3.1/../../../../arm-none-eabi/lib/thumb/v7-m/nofp/libg_nano.a(lib_a-fstatr.o)
                0x0000000008001cb8                _fstat_r
 .text._isatty_r
                0x0000000008001cdc       0x20 /home/abadr99/gcc-arm-none-eabi-10.3-2021.10/bin/../lib/gcc/arm-none-eabi/10.3.1/../../../../arm-none-eabi/lib/thumb/v7-m/nofp/libg_nano.a(lib_a-isattyr.o)
                0x0000000008001cdc                _isatty_r
 .text._lseek_r
                0x0000000008001cfc       0x24 /home/abadr99/gcc-arm-none-eabi-10.3-2021.10/bin/../lib/gcc/arm-none-eabi/10.3.1/../../../../arm-none-eabi/lib/thumb/v7-m/nofp/libg_nano.a(lib_a-lseekr.o)
                0x0000000008001cfc                _lseek_r
 .text._read_r  0x0000000008001d20       0x24 /home/abadr99/gcc-arm-none-eabi-10.3-2021.10/bin/../lib/gcc/arm-none-eabi/10.3.1/../../../../arm-none-eabi/lib/thumb/v7-m/nofp/libg_nano.a(lib_a-readr.o)
                0x0000000008001d20                _read_r
 .text.findslot
                0x0000000008001d44       0x34 /home/abadr99/gcc-arm-none-eabi-10.3-2021.10/bin/../lib/gcc/arm-none-eabi/10.3.1/../../../../arm-none-eabi/lib/thumb/v7-m/nofp/librdimon_nano.a(rdimon-syscalls.o)
 .text.error    0x0000000008001d78       0x1c /home/abadr99/gcc-arm-none-eabi-10.3-2021.10/bin/../lib/gcc/arm-none-eabi/10.3.1/../../../../arm-none-eabi/lib/thumb/v7-m/nofp/librdimon_nano.a(rdimon-syscalls.o)
 .text.checkerror
                0x0000000008001d94        0xa /home/abadr99/gcc-arm-none-eabi-10.3-2021.10/bin/../lib/gcc/arm-none-eabi/10.3.1/../../../../arm-none-eabi/lib/thumb/v7-m/nofp/librdimon_nano.a(rdimon-syscalls.o)
 .text._swiread
                0x0000000008001d9e       0x20 /home/abadr99/gcc-arm-none-eabi-10.3-2021.10/bin/../lib/gcc/arm-none-eabi/10.3.1/../../../../arm-none-eabi/lib/thumb/v7-m/nofp/librdimon_nano.a(rdimon-syscalls.o)
                0x0000000008001d9e                _swiread
 .text._read    0x0000000008001dbe       0x34 /home/abadr99/gcc-arm-none-eabi-10.3-2021.10/bin/../lib/gcc/arm-none-eabi/10.3.1/../../../../arm-none-eabi/lib/thumb/v7-m/nofp/librdimon_nano.a(rdimon-syscalls.o)
                0x0000000008001dbe                _read
 .text._swilseek
                0x0000000008001df2       0x78 /home/abadr99/gcc-arm-none-eabi-10.3-2021.10/bin/../lib/gcc/arm-none-eabi/10.3.1/../../../../arm-none-eabi/lib/thumb/v7-m/nofp/librdimon_nano.a(rdimon-syscalls.o)
                0x0000000008001df2                _swilseek
 .text._lseek   0x0000000008001e6a        0x4 /home/abadr99/gcc-arm-none-eabi-10.3-2021.10/bin/../lib/gcc/arm-none-eabi/10.3.1/../../../../arm-none-eabi/lib/thumb/v7-m/nofp/librdimon_nano.a(rdimon-syscalls.o)
                0x0000000008001e6a                _lseek
 .text._swiwrite
                0x0000000008001e6e       0x20 /home/abadr99/gcc-arm-none-eabi-10.3-2021.10/bin/../lib/gcc/arm-none-eabi/10.3.1/../../../../arm-none-eabi/lib/thumb/v7-m/nofp/librdimon_nano.a(rdimon-syscalls.o)
                0x0000000008001e6e                _swiwrite
 .text._write   0x0000000008001e8e       0x40 /home/abadr99/gcc-arm-none-eabi-10.3-2021.10/bin/../lib/gcc/arm-none-eabi/10.3.1/../../../../arm-none-eabi/lib/thumb/v7-m/nofp/librdimon_nano.a(rdimon-syscalls.o)
                0x0000000008001e8e                _write
 .text._swiclose
                0x0000000008001ece       0x1a /home/abadr99/gcc-arm-none-eabi-10.3-2021.10/bin/../lib/gcc/arm-none-eabi/10.3.1/../../../../arm-none-eabi/lib/thumb/v7-m/nofp/librdimon_nano.a(rdimon-syscalls.o)
                0x0000000008001ece                _swiclose
 .text._close   0x0000000008001ee8       0x4c /home/abadr99/gcc-arm-none-eabi-10.3-2021.10/bin/../lib/gcc/arm-none-eabi/10.3.1/../../../../arm-none-eabi/lib/thumb/v7-m/nofp/librdimon_nano.a(rdimon-syscalls.o)
                0x0000000008001ee8                _close
 .text._getpid  0x0000000008001f34        0x4 /home/abadr99/gcc-arm-none-eabi-10.3-2021.10/bin/../lib/gcc/arm-none-eabi/10.3.1/../../../../arm-none-eabi/lib/thumb/v7-m/nofp/librdimon_nano.a(rdimon-syscalls.o)
                0x0000000008001f34                _getpid
 .text._sbrk    0x0000000008001f38       0x48 /home/abadr99/gcc-arm-none-eabi-10.3-2021.10/bin/../lib/gcc/arm-none-eabi/10.3.1/../../../../arm-none-eabi/lib/thumb/v7-m/nofp/librdimon_nano.a(rdimon-syscalls.o)
                0x0000000008001f38                _sbrk
 .text._swistat
                0x0000000008001f80       0x42 /home/abadr99/gcc-arm-none-eabi-10.3-2021.10/bin/../lib/gcc/arm-none-eabi/10.3.1/../../../../arm-none-eabi/lib/thumb/v7-m/nofp/librdimon_nano.a(rdimon-syscalls.o)
                0x0000000008001f80                _swistat
 .text._fstat   0x0000000008001fc2       0x1c /home/abadr99/gcc-arm-none-eabi-10.3-2021.10/bin/../lib/gcc/arm-none-eabi/10.3.1/../../../../arm-none-eabi/lib/thumb/v7-m/nofp/librdimon_nano.a(rdimon-syscalls.o)
                0x0000000008001fc2                _fstat
 .text._stat    0x0000000008001fde       0x3a /home/abadr99/gcc-arm-none-eabi-10.3-2021.10/bin/../lib/gcc/arm-none-eabi/10.3.1/../../../../arm-none-eabi/lib/thumb/v7-m/nofp/librdimon_nano.a(rdimon-syscalls.o)
                0x0000000008001fde                _stat
 .text._swiopen
                0x0000000008002018       0xb4 /home/abadr99/gcc-arm-none-eabi-10.3-2021.10/bin/../lib/gcc/arm-none-eabi/10.3.1/../../../../arm-none-eabi/lib/thumb/v7-m/nofp/librdimon_nano.a(rdimon-syscalls.o)
                0x0000000008002018                _swiopen
 .text._get_semihosting_exts
                0x00000000080020cc       0xb8 /home/abadr99/gcc-arm-none-eabi-10.3-2021.10/bin/../lib/gcc/arm-none-eabi/10.3.1/../../../../arm-none-eabi/lib/thumb/v7-m/nofp/librdimon_nano.a(rdimon-syscalls.o)
                0x00000000080020cc                _get_semihosting_exts
 .text.initialise_semihosting_exts
                0x0000000008002184       0x34 /home/abadr99/gcc-arm-none-eabi-10.3-2021.10/bin/../lib/gcc/arm-none-eabi/10.3.1/../../../../arm-none-eabi/lib/thumb/v7-m/nofp/librdimon_nano.a(rdimon-syscalls.o)
 .text._has_ext_exit_extended
                0x00000000080021b8       0x18 /home/abadr99/gcc-arm-none-eabi-10.3-2021.10/bin/../lib/gcc/arm-none-eabi/10.3.1/../../../../arm-none-eabi/lib/thumb/v7-m/nofp/librdimon_nano.a(rdimon-syscalls.o)
                0x00000000080021b8                _has_ext_exit_extended
 .text._isatty  0x00000000080021d0       0x38 /home/abadr99/gcc-arm-none-eabi-10.3-2021.10/bin/../lib/gcc/arm-none-eabi/10.3.1/../../../../arm-none-eabi/lib/thumb/v7-m/nofp/librdimon_nano.a(rdimon-syscalls.o)
                0x00000000080021d0                _isatty
 .text._exit    0x0000000008002208       0x14 /home/abadr99/gcc-arm-none-eabi-10.3-2021.10/bin/../lib/gcc/arm-none-eabi/10.3.1/../../../../arm-none-eabi/lib/thumb/v7-m/nofp/librdimon_nano.a(rdimon-_exit.o)
                0x0000000008002208                _exit
 .text._kill_shared
                0x000000000800221c       0x26 /home/abadr99/gcc-arm-none-eabi-10.3-2021.10/bin/../lib/gcc/arm-none-eabi/10.3.1/../../../../arm-none-eabi/lib/thumb/v7-m/nofp/librdimon_nano.a(rdimon-_kill.o)
                0x000000000800221c                _kill_shared
 *fill*         0x0000000008002242        0x2 
 .text._kill    0x0000000008002244       0x18 /home/abadr99/gcc-arm-none-eabi-10.3-2021.10/bin/../lib/gcc/arm-none-eabi/10.3.1/../../../../arm-none-eabi/lib/thumb/v7-m/nofp/librdimon_nano.a(rdimon-_kill.o)
                0x0000000008002244                _kill
 .text.__errno  0x000000000800225c        0xc /home/abadr99/gcc-arm-none-eabi-10.3-2021.10/bin/../lib/gcc/arm-none-eabi/10.3.1/../../../../arm-none-eabi/lib/thumb/v7-m/nofp/libc_nano.a(lib_a-errno.o)
                0x000000000800225c                __errno
                0x0000000008002268                . = ALIGN (0x4)
                0x0000000008002268                _etext = .

.glue_7         0x0000000008002268        0x0
 .glue_7        0x0000000008002268        0x0 linker stubs

.glue_7t        0x0000000008002268        0x0
 .glue_7t       0x0000000008002268        0x0 linker stubs

.vfp11_veneer   0x0000000008002268        0x0
 .vfp11_veneer  0x0000000008002268        0x0 linker stubs

.v4_bx          0x0000000008002268        0x0
 .v4_bx         0x0000000008002268        0x0 linker stubs

.init           0x0000000008002268        0x4
 .init          0x0000000008002268        0x4 /home/abadr99/gcc-arm-none-eabi-10.3-2021.10/bin/../lib/gcc/arm-none-eabi/10.3.1/thumb/v7-m/nofp/crti.o
                0x0000000008002268                _init

.fini           0x000000000800226c        0x4
 .fini          0x000000000800226c        0x4 /home/abadr99/gcc-arm-none-eabi-10.3-2021.10/bin/../lib/gcc/arm-none-eabi/10.3.1/thumb/v7-m/nofp/crti.o
                0x000000000800226c                _fini

.iplt           0x0000000008002270        0x0
 .iplt          0x0000000008002270        0x0 ./stm32f103cpp.a(Led.o)

.rodata         0x0000000008002270      0x898
                0x0000000008002270                . = ALIGN (0x4)
 *(.rodata)
 *(.rodata*)
 .rodata._ZN5stm324util19MapPortToPeripheralENS_3dev4mcal3pin4PortE.part.0.str1.4
                0x0000000008002270       0x93 ./stm32f103cpp.a(Led.o)
                                         0x97 (size before relaxing)
 *fill*         0x0000000008002303        0x1 
 .rodata._ZN5stm323dev3hal3led3LedILNS_4type14ConnectionTypeE0EEC2ERKNS0_4mcal3pin3PinE.str1.4
                0x0000000008002304       0xec ./stm32f103cpp.a(Led.o)
 .rodata._ZN5stm324util19MapPortToPeripheralENS_3dev4mcal3pin4PortE.part.0.str1.4
                0x00000000080023f0       0x97 ./stm32f103cpp.a(Buzzer.o)
 .rodata._ZN5stm323dev3hal6buzzer6BuzzerILNS_4type14ConnectionTypeE0EEC2ERKNS0_4mcal3pin3PinE.str1.4
                0x00000000080023f0      0x103 ./stm32f103cpp.a(Buzzer.o)
 *fill*         0x00000000080024f3        0x1 
 .rodata._ZN5stm325utils6logger6Logger5ErrorEPKc.str1.4
                0x00000000080024f4        0xa ./stm32f103cpp.a(Logger.o)
 *fill*         0x00000000080024fe        0x2 
 .rodata._ZN5stm324util8BusyWaitILi400EEEvRKSt8functionIFbvEE.part.0.str1.4
                0x0000000008002500       0x88 ./stm32f103cpp.a(Rcc.o)
                                         0xa3 (size before relaxing)
 .rodata._ZN5stm323dev4mcal3rcc3Rcc12SetMCOPinClkERKNS2_8McoModesE.str1.4
                0x0000000008002588      0x10d ./stm32f103cpp.a(Rcc.o)
 *fill*         0x0000000008002695        0x3 
 .rodata._ZN5stm323dev4mcal3rcc3Rcc6EnableENS_11peripherals10PeripheralE.str1.4
                0x0000000008002698       0x6b ./stm32f103cpp.a(Rcc.o)
 *fill*         0x0000000008002703        0x1 
 .rodata._ZN5stm323dev4mcal4gpio4Gpio3SetERKNS1_3pin3PinE.str1.4
                0x0000000008002704       0xca ./stm32f103cpp.a(Gpio.o)
 *fill*         0x00000000080027ce        0x2 
 .rodata._ZN5stm324util8BusyWaitILi2000EEEvRKSt8functionIFbvEE.part.0.str1.4
                0x00000000080027d0       0x6d ./stm32f103cpp.a(Usart.o)
                                         0xa7 (size before relaxing)
 *fill*         0x000000000800283d        0x3 
 .rodata._ZTIZN5stm323dev4mcal5usart5Usart8TransmitEtEUlvE0_
                0x0000000008002840        0x8 ./stm32f103cpp.a(Usart.o)
 .rodata._ZTIZN5stm323dev4mcal5usart5Usart8TransmitEtEUlvE_
                0x0000000008002848        0x8 ./stm32f103cpp.a(Usart.o)
 .rodata._ZTSZN5stm323dev4mcal5usart5Usart8TransmitEtEUlvE0_
                0x0000000008002850       0x31 ./stm32f103cpp.a(Usart.o)
 *fill*         0x0000000008002881        0x3 
 .rodata._ZTSZN5stm323dev4mcal5usart5Usart8TransmitEtEUlvE_
                0x0000000008002884       0x30 ./stm32f103cpp.a(Usart.o)
 .rodata._ZTIN10__cxxabiv117__class_type_infoE
                0x00000000080028b4        0xc /home/abadr99/gcc-arm-none-eabi-10.3-2021.10/bin/../lib/gcc/arm-none-eabi/10.3.1/../../../../arm-none-eabi/lib/thumb/v7-m/nofp/libstdc++_nano.a(class_type_info.o)
                0x00000000080028b4                typeinfo for __cxxabiv1::__class_type_info
 .rodata._ZTSN10__cxxabiv117__class_type_infoE
                0x00000000080028c0       0x22 /home/abadr99/gcc-arm-none-eabi-10.3-2021.10/bin/../lib/gcc/arm-none-eabi/10.3.1/../../../../arm-none-eabi/lib/thumb/v7-m/nofp/libstdc++_nano.a(class_type_info.o)
                0x00000000080028c0                typeinfo name for __cxxabiv1::__class_type_info
 *fill*         0x00000000080028e2        0x2 
 .rodata._ZTVN10__cxxabiv117__class_type_infoE
                0x00000000080028e4       0x2c /home/abadr99/gcc-arm-none-eabi-10.3-2021.10/bin/../lib/gcc/arm-none-eabi/10.3.1/../../../../arm-none-eabi/lib/thumb/v7-m/nofp/libstdc++_nano.a(class_type_info.o)
                0x00000000080028e4                vtable for __cxxabiv1::__class_type_info
 .rodata._ZTIN10__cxxabiv120__si_class_type_infoE
                0x0000000008002910        0xc /home/abadr99/gcc-arm-none-eabi-10.3-2021.10/bin/../lib/gcc/arm-none-eabi/10.3.1/../../../../arm-none-eabi/lib/thumb/v7-m/nofp/libstdc++_nano.a(si_class_type_info.o)
                0x0000000008002910                typeinfo for __cxxabiv1::__si_class_type_info
 .rodata._ZTSN10__cxxabiv120__si_class_type_infoE
                0x000000000800291c       0x25 /home/abadr99/gcc-arm-none-eabi-10.3-2021.10/bin/../lib/gcc/arm-none-eabi/10.3.1/../../../../arm-none-eabi/lib/thumb/v7-m/nofp/libstdc++_nano.a(si_class_type_info.o)
                0x000000000800291c                typeinfo name for __cxxabiv1::__si_class_type_info
 *fill*         0x0000000008002941        0x3 
 .rodata._ZTVN10__cxxabiv120__si_class_type_infoE
                0x0000000008002944       0x2c /home/abadr99/gcc-arm-none-eabi-10.3-2021.10/bin/../lib/gcc/arm-none-eabi/10.3.1/../../../../arm-none-eabi/lib/thumb/v7-m/nofp/libstdc++_nano.a(si_class_type_info.o)
                0x0000000008002944                vtable for __cxxabiv1::__si_class_type_info
 .rodata._ZTISt9type_info
                0x0000000008002970        0x8 /home/abadr99/gcc-arm-none-eabi-10.3-2021.10/bin/../lib/gcc/arm-none-eabi/10.3.1/../../../../arm-none-eabi/lib/thumb/v7-m/nofp/libstdc++_nano.a(tinfo.o)
                0x0000000008002970                typeinfo for std::type_info
 .rodata._ZTSSt9type_info
                0x0000000008002978        0xd /home/abadr99/gcc-arm-none-eabi-10.3-2021.10/bin/../lib/gcc/arm-none-eabi/10.3.1/../../../../arm-none-eabi/lib/thumb/v7-m/nofp/libstdc++_nano.a(tinfo.o)
                0x0000000008002978                typeinfo name for std::type_info
 .rodata.__assert_func.str1.1
                0x0000000008002985       0x3c /home/abadr99/gcc-arm-none-eabi-10.3-2021.10/bin/../lib/gcc/arm-none-eabi/10.3.1/../../../../arm-none-eabi/lib/thumb/v7-m/nofp/libg_nano.a(lib_a-assert.o)
                                         0x3d (size before relaxing)
 *fill*         0x00000000080029c1        0x3 
 .rodata._global_impure_ptr
                0x00000000080029c4        0x4 /home/abadr99/gcc-arm-none-eabi-10.3-2021.10/bin/../lib/gcc/arm-none-eabi/10.3.1/../../../../arm-none-eabi/lib/thumb/v7-m/nofp/libg_nano.a(lib_a-impure.o)
                0x00000000080029c4                _global_impure_ptr
 .rodata._vfprintf_r.str1.1
                0x00000000080029c8       0x11 /home/abadr99/gcc-arm-none-eabi-10.3-2021.10/bin/../lib/gcc/arm-none-eabi/10.3.1/../../../../arm-none-eabi/lib/thumb/v7-m/nofp/libg_nano.a(lib_a-nano-vfprintf.o)
 .rodata._printf_i.str1.1
                0x00000000080029d9       0x22 /home/abadr99/gcc-arm-none-eabi-10.3-2021.10/bin/../lib/gcc/arm-none-eabi/10.3.1/../../../../arm-none-eabi/lib/thumb/v7-m/nofp/libg_nano.a(lib_a-nano-vfprintf_i.o)
 .rodata.srand.str1.1
                0x00000000080029fb       0x95 /home/abadr99/gcc-arm-none-eabi-10.3-2021.10/bin/../lib/gcc/arm-none-eabi/10.3.1/../../../../arm-none-eabi/lib/thumb/v7-m/nofp/libg_nano.a(lib_a-rand.o)
 .rodata.__sf_fake_stderr
                0x0000000008002a90       0x20 /home/abadr99/gcc-arm-none-eabi-10.3-2021.10/bin/../lib/gcc/arm-none-eabi/10.3.1/../../../../arm-none-eabi/lib/thumb/v7-m/nofp/libg_nano.a(lib_a-findfp.o)
                0x0000000008002a90                __sf_fake_stderr
 .rodata.__sf_fake_stdin
                0x0000000008002ab0       0x20 /home/abadr99/gcc-arm-none-eabi-10.3-2021.10/bin/../lib/gcc/arm-none-eabi/10.3.1/../../../../arm-none-eabi/lib/thumb/v7-m/nofp/libg_nano.a(lib_a-findfp.o)
                0x0000000008002ab0                __sf_fake_stdin
 .rodata.__sf_fake_stdout
                0x0000000008002ad0       0x20 /home/abadr99/gcc-arm-none-eabi-10.3-2021.10/bin/../lib/gcc/arm-none-eabi/10.3.1/../../../../arm-none-eabi/lib/thumb/v7-m/nofp/libg_nano.a(lib_a-findfp.o)
                0x0000000008002ad0                __sf_fake_stdout
 .rodata._get_semihosting_exts.str1.1
                0x0000000008002af0       0x16 /home/abadr99/gcc-arm-none-eabi-10.3-2021.10/bin/../lib/gcc/arm-none-eabi/10.3.1/../../../../arm-none-eabi/lib/thumb/v7-m/nofp/librdimon_nano.a(rdimon-syscalls.o)
                0x0000000008002b08                . = ALIGN (0x4)
 *fill*         0x0000000008002b06        0x2 

.rel.dyn        0x0000000008002b08        0x0
 .rel.iplt      0x0000000008002b08        0x0 ./stm32f103cpp.a(Led.o)

.ARM            0x0000000008002b08        0x0
                0x0000000008002b08                . = ALIGN (0x4)
                0x0000000008002b08                __exidx_start = .
 *(.ARM.exidx*)
                0x0000000008002b08                __exidx_end = .
                0x0000000008002b08                . = ALIGN (0x4)
                0x0000000008002b08                _sidata = LOADADDR (.data)

.data           0x0000000020000000       0x70 load address 0x0000000008002b08
                0x0000000020000000                . = ALIGN (0x4)
                0x0000000020000000                _sdata = .
 *(.data)
 *(.data*)
 .data._impure_ptr
                0x0000000020000000        0x4 /home/abadr99/gcc-arm-none-eabi-10.3-2021.10/bin/../lib/gcc/arm-none-eabi/10.3.1/../../../../arm-none-eabi/lib/thumb/v7-m/nofp/libg_nano.a(lib_a-impure.o)
                0x0000000020000000                _impure_ptr
 .data.impure_data
                0x0000000020000004       0x60 /home/abadr99/gcc-arm-none-eabi-10.3-2021.10/bin/../lib/gcc/arm-none-eabi/10.3.1/../../../../arm-none-eabi/lib/thumb/v7-m/nofp/libg_nano.a(lib_a-impure.o)
 .data.__heap_limit
                0x0000000020000064        0x4 /home/abadr99/gcc-arm-none-eabi-10.3-2021.10/bin/../lib/gcc/arm-none-eabi/10.3.1/../../../../arm-none-eabi/lib/thumb/v7-m/nofp/librdimon_nano.a(rdimon-syscalls.o)
                0x0000000020000064                __heap_limit
 .data.supports_ext_exit_extended
                0x0000000020000068        0x4 /home/abadr99/gcc-arm-none-eabi-10.3-2021.10/bin/../lib/gcc/arm-none-eabi/10.3.1/../../../../arm-none-eabi/lib/thumb/v7-m/nofp/librdimon_nano.a(rdimon-syscalls.o)
 .data.supports_ext_stdout_stderr
                0x000000002000006c        0x4 /home/abadr99/gcc-arm-none-eabi-10.3-2021.10/bin/../lib/gcc/arm-none-eabi/10.3.1/../../../../arm-none-eabi/lib/thumb/v7-m/nofp/librdimon_nano.a(rdimon-syscalls.o)
                0x0000000020000070                . = ALIGN (0x4)
                0x0000000020000070                _edata = .

.igot.plt       0x0000000020000070        0x0 load address 0x0000000008002b78
 .igot.plt      0x0000000020000070        0x0 ./stm32f103cpp.a(Led.o)
                0x0000000020000070                . = ALIGN (0x4)

.bss            0x0000000020000070       0xf0 load address 0x0000000008002b78
                0x0000000020000070                _sbss = .
                0x0000000020000070                __bss_start__ = _sbss
 *(.bss)
 *(.bss*)
 .bss._ZN5stm325utils6logger6Logger6usart_E
                0x0000000020000070        0x4 ./stm32f103cpp.a(Logger.o)
                0x0000000020000070                stm32::utils::logger::Logger::usart_
 .bss._ZN5stm323dev4mcal3rcc3Rcc3RCCE
                0x0000000020000074        0x4 ./stm32f103cpp.a(Rcc.o)
                0x0000000020000074                stm32::dev::mcal::rcc::Rcc::RCC
 .bss._ZN5stm323dev4mcal4gpio4Gpio5GPIOxE
                0x0000000020000078        0xc ./stm32f103cpp.a(Gpio.o)
                0x0000000020000078                stm32::dev::mcal::gpio::Gpio::GPIOx
 .bss._ZN5stm323dev4mcal5usart5Usart14pReceivedData_E
                0x0000000020000084        0xc ./stm32f103cpp.a(Usart.o)
                0x0000000020000084                stm32::dev::mcal::usart::Usart::pReceivedData_
 .bss._ZN5stm323dev4mcal5usart5Usart17pReceiveReadyFun_E
                0x0000000020000090        0xc ./stm32f103cpp.a(Usart.o)
                0x0000000020000090                stm32::dev::mcal::usart::Usart::pReceiveReadyFun_
 .bss._ZN5stm323dev4mcal5usart5Usart21pTransmitCompleteFun_E
                0x000000002000009c        0xc ./stm32f103cpp.a(Usart.o)
                0x000000002000009c                stm32::dev::mcal::usart::Usart::pTransmitCompleteFun_
 .bss._ZN5stm323dev4mcal5usart5Usart8usartRegE
                0x00000000200000a8        0x4 ./stm32f103cpp.a(Usart.o)
                0x00000000200000a8                stm32::dev::mcal::usart::Usart::usartReg
 .bss.__malloc_free_list
                0x00000000200000ac        0x4 /home/abadr99/gcc-arm-none-eabi-10.3-2021.10/bin/../lib/gcc/arm-none-eabi/10.3.1/../../../../arm-none-eabi/lib/thumb/v7-m/nofp/libg_nano.a(lib_a-nano-mallocr.o)
                0x00000000200000ac                __malloc_free_list
 .bss.__malloc_sbrk_start
                0x00000000200000b0        0x4 /home/abadr99/gcc-arm-none-eabi-10.3-2021.10/bin/../lib/gcc/arm-none-eabi/10.3.1/../../../../arm-none-eabi/lib/thumb/v7-m/nofp/libg_nano.a(lib_a-nano-mallocr.o)
                0x00000000200000b0                __malloc_sbrk_start
 .bss.__lock___malloc_recursive_mutex
                0x00000000200000b4        0x1 /home/abadr99/gcc-arm-none-eabi-10.3-2021.10/bin/../lib/gcc/arm-none-eabi/10.3.1/../../../../arm-none-eabi/lib/thumb/v7-m/nofp/libg_nano.a(lib_a-lock.o)
                0x00000000200000b4                __lock___malloc_recursive_mutex
 .bss.__lock___sfp_recursive_mutex
                0x00000000200000b5        0x1 /home/abadr99/gcc-arm-none-eabi-10.3-2021.10/bin/../lib/gcc/arm-none-eabi/10.3.1/../../../../arm-none-eabi/lib/thumb/v7-m/nofp/libg_nano.a(lib_a-lock.o)
                0x00000000200000b5                __lock___sfp_recursive_mutex
 .bss.__lock___sinit_recursive_mutex
                0x00000000200000b6        0x1 /home/abadr99/gcc-arm-none-eabi-10.3-2021.10/bin/../lib/gcc/arm-none-eabi/10.3.1/../../../../arm-none-eabi/lib/thumb/v7-m/nofp/libg_nano.a(lib_a-lock.o)
                0x00000000200000b6                __lock___sinit_recursive_mutex
 *fill*         0x00000000200000b7        0x1 
 .bss.errno     0x00000000200000b8        0x4 /home/abadr99/gcc-arm-none-eabi-10.3-2021.10/bin/../lib/gcc/arm-none-eabi/10.3.1/../../../../arm-none-eabi/lib/thumb/v7-m/nofp/libg_nano.a(lib_a-reent.o)
                0x00000000200000b8                errno
 .bss.heap_end.0
                0x00000000200000bc        0x4 /home/abadr99/gcc-arm-none-eabi-10.3-2021.10/bin/../lib/gcc/arm-none-eabi/10.3.1/../../../../arm-none-eabi/lib/thumb/v7-m/nofp/librdimon_nano.a(rdimon-syscalls.o)
 .bss.openfiles
                0x00000000200000c0       0xa0 /home/abadr99/gcc-arm-none-eabi-10.3-2021.10/bin/../lib/gcc/arm-none-eabi/10.3.1/../../../../arm-none-eabi/lib/thumb/v7-m/nofp/librdimon_nano.a(rdimon-syscalls.o)
                0x0000000020000160                . = ALIGN (0x4)
                0x0000000020000160                _ebss = .
                0x0000000020000160                __bss_end__ = _ebss

._user_heap_stack
                0x0000000020000160      0x600 load address 0x0000000008002b78
                0x0000000020000160                . = ALIGN (0x8)
                0x0000000020000160                PROVIDE (end = .)
                [!provide]                        PROVIDE (_end = .)
                0x0000000020000360                . = (. + _Min_Heap_Size)
 *fill*         0x0000000020000160      0x200 
                0x0000000020000760                . = (. + _Min_Stack_Size)
 *fill*         0x0000000020000360      0x400 
                0x0000000020000760                . = ALIGN (0x8)
OUTPUT(alarm.elf elf32-littlearm)
LOAD linker stubs

.ARM.attributes
                0x0000000000000000       0x29
 .ARM.attributes
                0x0000000000000000       0x1d /home/abadr99/gcc-arm-none-eabi-10.3-2021.10/bin/../lib/gcc/arm-none-eabi/10.3.1/thumb/v7-m/nofp/crti.o
 .ARM.attributes
                0x000000000000001d       0x2b /tmp/alarm.elf.FL6JRI.ltrans0.ltrans.o
 .ARM.attributes
                0x0000000000000048       0x2d ./stm32f103cpp.a(Pin.o)
 .ARM.attributes
                0x0000000000000075       0x2d ./stm32f103cpp.a(Led.o)
 .ARM.attributes
                0x00000000000000a2       0x2d ./stm32f103cpp.a(Buzzer.o)
 .ARM.attributes
                0x00000000000000cf       0x2d ./stm32f103cpp.a(Logger.o)
 .ARM.attributes
                0x00000000000000fc       0x2d ./stm32f103cpp.a(Rcc.o)
 .ARM.attributes
                0x0000000000000129       0x2d ./stm32f103cpp.a(Gpio.o)
 .ARM.attributes
                0x0000000000000156       0x2d ./stm32f103cpp.a(Usart.o)
 .ARM.attributes
                0x0000000000000183       0x2d /home/abadr99/gcc-arm-none-eabi-10.3-2021.10/bin/../lib/gcc/arm-none-eabi/10.3.1/../../../../arm-none-eabi/lib/thumb/v7-m/nofp/libstdc++_nano.a(class_type_info.o)
 .ARM.attributes
                0x00000000000001b0       0x2d /home/abadr99/gcc-arm-none-eabi-10.3-2021.10/bin/../lib/gcc/arm-none-eabi/10.3.1/../../../../arm-none-eabi/lib/thumb/v7-m/nofp/libstdc++_nano.a(del_ops.o)
 .ARM.attributes
                0x00000000000001dd       0x2d /home/abadr99/gcc-arm-none-eabi-10.3-2021.10/bin/../lib/gcc/arm-none-eabi/10.3.1/../../../../arm-none-eabi/lib/thumb/v7-m/nofp/libstdc++_nano.a(si_class_type_info.o)
 .ARM.attributes
                0x000000000000020a       0x2d /home/abadr99/gcc-arm-none-eabi-10.3-2021.10/bin/../lib/gcc/arm-none-eabi/10.3.1/../../../../arm-none-eabi/lib/thumb/v7-m/nofp/libstdc++_nano.a(tinfo.o)
 .ARM.attributes
                0x0000000000000237       0x2d /home/abadr99/gcc-arm-none-eabi-10.3-2021.10/bin/../lib/gcc/arm-none-eabi/10.3.1/../../../../arm-none-eabi/lib/thumb/v7-m/nofp/libstdc++_nano.a(functional.o)
 .ARM.attributes
                0x0000000000000264       0x2d /home/abadr99/gcc-arm-none-eabi-10.3-2021.10/bin/../lib/gcc/arm-none-eabi/10.3.1/../../../../arm-none-eabi/lib/thumb/v7-m/nofp/libstdc++_nano.a(del_op.o)
 .ARM.attributes
                0x0000000000000291       0x2d /home/abadr99/gcc-arm-none-eabi-10.3-2021.10/bin/../lib/gcc/arm-none-eabi/10.3.1/../../../../arm-none-eabi/lib/thumb/v7-m/nofp/libg_nano.a(lib_a-abort.o)
 .ARM.attributes
                0x00000000000002be       0x2d /home/abadr99/gcc-arm-none-eabi-10.3-2021.10/bin/../lib/gcc/arm-none-eabi/10.3.1/../../../../arm-none-eabi/lib/thumb/v7-m/nofp/libg_nano.a(lib_a-assert.o)
 .ARM.attributes
                0x00000000000002eb       0x2d /home/abadr99/gcc-arm-none-eabi-10.3-2021.10/bin/../lib/gcc/arm-none-eabi/10.3.1/../../../../arm-none-eabi/lib/thumb/v7-m/nofp/libg_nano.a(lib_a-fprintf.o)
 .ARM.attributes
                0x0000000000000318       0x2d /home/abadr99/gcc-arm-none-eabi-10.3-2021.10/bin/../lib/gcc/arm-none-eabi/10.3.1/../../../../arm-none-eabi/lib/thumb/v7-m/nofp/libg_nano.a(lib_a-impure.o)
 .ARM.attributes
                0x0000000000000345       0x2d /home/abadr99/gcc-arm-none-eabi-10.3-2021.10/bin/../lib/gcc/arm-none-eabi/10.3.1/../../../../arm-none-eabi/lib/thumb/v7-m/nofp/libg_nano.a(lib_a-malloc.o)
 .ARM.attributes
                0x0000000000000372       0x2d /home/abadr99/gcc-arm-none-eabi-10.3-2021.10/bin/../lib/gcc/arm-none-eabi/10.3.1/../../../../arm-none-eabi/lib/thumb/v7-m/nofp/libg_nano.a(lib_a-memset.o)
 .ARM.attributes
                0x000000000000039f       0x2d /home/abadr99/gcc-arm-none-eabi-10.3-2021.10/bin/../lib/gcc/arm-none-eabi/10.3.1/../../../../arm-none-eabi/lib/thumb/v7-m/nofp/libg_nano.a(lib_a-nano-freer.o)
 .ARM.attributes
                0x00000000000003cc       0x2d /home/abadr99/gcc-arm-none-eabi-10.3-2021.10/bin/../lib/gcc/arm-none-eabi/10.3.1/../../../../arm-none-eabi/lib/thumb/v7-m/nofp/libg_nano.a(lib_a-nano-mallocr.o)
 .ARM.attributes
                0x00000000000003f9       0x2d /home/abadr99/gcc-arm-none-eabi-10.3-2021.10/bin/../lib/gcc/arm-none-eabi/10.3.1/../../../../arm-none-eabi/lib/thumb/v7-m/nofp/libg_nano.a(lib_a-nano-vfprintf.o)
 .ARM.attributes
                0x0000000000000426       0x2d /home/abadr99/gcc-arm-none-eabi-10.3-2021.10/bin/../lib/gcc/arm-none-eabi/10.3.1/../../../../arm-none-eabi/lib/thumb/v7-m/nofp/libg_nano.a(lib_a-nano-vfprintf_i.o)
 .ARM.attributes
                0x0000000000000453       0x2d /home/abadr99/gcc-arm-none-eabi-10.3-2021.10/bin/../lib/gcc/arm-none-eabi/10.3.1/../../../../arm-none-eabi/lib/thumb/v7-m/nofp/libg_nano.a(lib_a-rand.o)
 .ARM.attributes
                0x0000000000000480       0x2d /home/abadr99/gcc-arm-none-eabi-10.3-2021.10/bin/../lib/gcc/arm-none-eabi/10.3.1/../../../../arm-none-eabi/lib/thumb/v7-m/nofp/libg_nano.a(lib_a-sbrkr.o)
 .ARM.attributes
                0x00000000000004ad       0x2d /home/abadr99/gcc-arm-none-eabi-10.3-2021.10/bin/../lib/gcc/arm-none-eabi/10.3.1/../../../../arm-none-eabi/lib/thumb/v7-m/nofp/libg_nano.a(lib_a-signal.o)
 .ARM.attributes
                0x00000000000004da       0x2d /home/abadr99/gcc-arm-none-eabi-10.3-2021.10/bin/../lib/gcc/arm-none-eabi/10.3.1/../../../../arm-none-eabi/lib/thumb/v7-m/nofp/libg_nano.a(lib_a-signalr.o)
 .ARM.attributes
                0x0000000000000507       0x1b /home/abadr99/gcc-arm-none-eabi-10.3-2021.10/bin/../lib/gcc/arm-none-eabi/10.3.1/../../../../arm-none-eabi/lib/thumb/v7-m/nofp/libg_nano.a(lib_a-strcmp.o)
 .ARM.attributes
                0x0000000000000522       0x2d /home/abadr99/gcc-arm-none-eabi-10.3-2021.10/bin/../lib/gcc/arm-none-eabi/10.3.1/../../../../arm-none-eabi/lib/thumb/v7-m/nofp/libg_nano.a(lib_a-wbuf.o)
 .ARM.attributes
                0x000000000000054f       0x2d /home/abadr99/gcc-arm-none-eabi-10.3-2021.10/bin/../lib/gcc/arm-none-eabi/10.3.1/../../../../arm-none-eabi/lib/thumb/v7-m/nofp/libg_nano.a(lib_a-wsetup.o)
 .ARM.attributes
                0x000000000000057c       0x2d /home/abadr99/gcc-arm-none-eabi-10.3-2021.10/bin/../lib/gcc/arm-none-eabi/10.3.1/../../../../arm-none-eabi/lib/thumb/v7-m/nofp/libg_nano.a(lib_a-fflush.o)
 .ARM.attributes
                0x00000000000005a9       0x2d /home/abadr99/gcc-arm-none-eabi-10.3-2021.10/bin/../lib/gcc/arm-none-eabi/10.3.1/../../../../arm-none-eabi/lib/thumb/v7-m/nofp/libg_nano.a(lib_a-findfp.o)
 .ARM.attributes
                0x00000000000005d6       0x2d /home/abadr99/gcc-arm-none-eabi-10.3-2021.10/bin/../lib/gcc/arm-none-eabi/10.3.1/../../../../arm-none-eabi/lib/thumb/v7-m/nofp/libg_nano.a(lib_a-fwalk.o)
 .ARM.attributes
                0x0000000000000603       0x2d /home/abadr99/gcc-arm-none-eabi-10.3-2021.10/bin/../lib/gcc/arm-none-eabi/10.3.1/../../../../arm-none-eabi/lib/thumb/v7-m/nofp/libg_nano.a(lib_a-lock.o)
 .ARM.attributes
                0x0000000000000630       0x2d /home/abadr99/gcc-arm-none-eabi-10.3-2021.10/bin/../lib/gcc/arm-none-eabi/10.3.1/../../../../arm-none-eabi/lib/thumb/v7-m/nofp/libg_nano.a(lib_a-makebuf.o)
 .ARM.attributes
                0x000000000000065d       0x2d /home/abadr99/gcc-arm-none-eabi-10.3-2021.10/bin/../lib/gcc/arm-none-eabi/10.3.1/../../../../arm-none-eabi/lib/thumb/v7-m/nofp/libg_nano.a(lib_a-memchr-stub.o)
 .ARM.attributes
                0x000000000000068a       0x2d /home/abadr99/gcc-arm-none-eabi-10.3-2021.10/bin/../lib/gcc/arm-none-eabi/10.3.1/../../../../arm-none-eabi/lib/thumb/v7-m/nofp/libg_nano.a(lib_a-mlock.o)
 .ARM.attributes
                0x00000000000006b7       0x2d /home/abadr99/gcc-arm-none-eabi-10.3-2021.10/bin/../lib/gcc/arm-none-eabi/10.3.1/../../../../arm-none-eabi/lib/thumb/v7-m/nofp/libg_nano.a(lib_a-reent.o)
 .ARM.attributes
                0x00000000000006e4       0x2d /home/abadr99/gcc-arm-none-eabi-10.3-2021.10/bin/../lib/gcc/arm-none-eabi/10.3.1/../../../../arm-none-eabi/lib/thumb/v7-m/nofp/libg_nano.a(lib_a-stdio.o)
 .ARM.attributes
                0x0000000000000711       0x2d /home/abadr99/gcc-arm-none-eabi-10.3-2021.10/bin/../lib/gcc/arm-none-eabi/10.3.1/../../../../arm-none-eabi/lib/thumb/v7-m/nofp/libg_nano.a(lib_a-writer.o)
 .ARM.attributes
                0x000000000000073e       0x2d /home/abadr99/gcc-arm-none-eabi-10.3-2021.10/bin/../lib/gcc/arm-none-eabi/10.3.1/../../../../arm-none-eabi/lib/thumb/v7-m/nofp/libg_nano.a(lib_a-closer.o)
 .ARM.attributes
                0x000000000000076b       0x2d /home/abadr99/gcc-arm-none-eabi-10.3-2021.10/bin/../lib/gcc/arm-none-eabi/10.3.1/../../../../arm-none-eabi/lib/thumb/v7-m/nofp/libg_nano.a(lib_a-fstatr.o)
 .ARM.attributes
                0x0000000000000798       0x2d /home/abadr99/gcc-arm-none-eabi-10.3-2021.10/bin/../lib/gcc/arm-none-eabi/10.3.1/../../../../arm-none-eabi/lib/thumb/v7-m/nofp/libg_nano.a(lib_a-isattyr.o)
 .ARM.attributes
                0x00000000000007c5       0x2d /home/abadr99/gcc-arm-none-eabi-10.3-2021.10/bin/../lib/gcc/arm-none-eabi/10.3.1/../../../../arm-none-eabi/lib/thumb/v7-m/nofp/libg_nano.a(lib_a-lseekr.o)
 .ARM.attributes
                0x00000000000007f2       0x2d /home/abadr99/gcc-arm-none-eabi-10.3-2021.10/bin/../lib/gcc/arm-none-eabi/10.3.1/../../../../arm-none-eabi/lib/thumb/v7-m/nofp/libg_nano.a(lib_a-readr.o)
 .ARM.attributes
                0x000000000000081f       0x2d /home/abadr99/gcc-arm-none-eabi-10.3-2021.10/bin/../lib/gcc/arm-none-eabi/10.3.1/../../../../arm-none-eabi/lib/thumb/v7-m/nofp/librdimon_nano.a(rdimon-syscalls.o)
 .ARM.attributes
                0x000000000000084c       0x2d /home/abadr99/gcc-arm-none-eabi-10.3-2021.10/bin/../lib/gcc/arm-none-eabi/10.3.1/../../../../arm-none-eabi/lib/thumb/v7-m/nofp/librdimon_nano.a(rdimon-_exit.o)
 .ARM.attributes
                0x0000000000000879       0x2d /home/abadr99/gcc-arm-none-eabi-10.3-2021.10/bin/../lib/gcc/arm-none-eabi/10.3.1/../../../../arm-none-eabi/lib/thumb/v7-m/nofp/librdimon_nano.a(rdimon-_kill.o)
 .ARM.attributes
                0x00000000000008a6       0x2d /home/abadr99/gcc-arm-none-eabi-10.3-2021.10/bin/../lib/gcc/arm-none-eabi/10.3.1/../../../../arm-none-eabi/lib/thumb/v7-m/nofp/libc_nano.a(lib_a-errno.o)
 .ARM.attributes
                0x00000000000008d3       0x17 /home/abadr99/gcc-arm-none-eabi-10.3-2021.10/bin/../lib/gcc/arm-none-eabi/10.3.1/../../../../arm-none-eabi/lib/thumb/v7-m/nofp/libc_nano.a(lib_a-strlen.o)

.comment        0x0000000000000000       0x49
 .comment       0x0000000000000000       0x4a /tmp/alarm.elf.FL6JRI.ltrans0.ltrans.o
 .comment       0x0000000000000000       0x49 ./stm32f103cpp.a(Pin.o)
                                         0x4a (size before relaxing)
 .comment       0x0000000000000049       0x4a ./stm32f103cpp.a(Led.o)
 .comment       0x0000000000000049       0x4a ./stm32f103cpp.a(Buzzer.o)
 .comment       0x0000000000000049       0x4a ./stm32f103cpp.a(Logger.o)
 .comment       0x0000000000000049       0x4a ./stm32f103cpp.a(Rcc.o)
 .comment       0x0000000000000049       0x4a ./stm32f103cpp.a(Gpio.o)
 .comment       0x0000000000000049       0x4a ./stm32f103cpp.a(Usart.o)

.debug_info     0x0000000000000000    0x1575b
 .debug_info    0x0000000000000000      0x2ac /tmp/alarm.elf.FL6JRI.ltrans0.ltrans.o
 .debug_info    0x00000000000002ac      0xa8a /tmp/cc7thFQR.debug.temp.o
                0x00000000000002ac                Alarm.cpp.5441944f
 .debug_info    0x0000000000000d36     0x1090 /tmp/ccwpxzZs.debug.temp.o
                0x0000000000000d36                main.cpp.34ca4aca
 .debug_info    0x0000000000001dc6      0x14c /tmp/ccDuBCz3.debug.temp.o
                0x0000000000001dc6                stm32f103_startup.cpp.d02980cb
 .debug_info    0x0000000000001f12     0x1805 ./stm32f103cpp.a(Pin.o)
 .debug_info    0x0000000000003717     0x2e9e ./stm32f103cpp.a(Led.o)
 .debug_info    0x00000000000065b5     0x2f07 ./stm32f103cpp.a(Buzzer.o)
 .debug_info    0x00000000000094bc     0x102f ./stm32f103cpp.a(Logger.o)
 .debug_info    0x000000000000a4eb     0x621a ./stm32f103cpp.a(Rcc.o)
 .debug_info    0x0000000000010705     0x1448 ./stm32f103cpp.a(Gpio.o)
 .debug_info    0x0000000000011b4d     0x3c0e ./stm32f103cpp.a(Usart.o)

.debug_abbrev   0x0000000000000000     0x3ed3
 .debug_abbrev  0x0000000000000000       0xe8 /tmp/alarm.elf.FL6JRI.ltrans0.ltrans.o
 .debug_abbrev  0x00000000000000e8      0x30c /tmp/cc7thFQR.debug.temp.o
 .debug_abbrev  0x00000000000003f4      0x3c1 /tmp/ccwpxzZs.debug.temp.o
 .debug_abbrev  0x00000000000007b5       0xb9 /tmp/ccDuBCz3.debug.temp.o
 .debug_abbrev  0x000000000000086e      0x444 ./stm32f103cpp.a(Pin.o)
 .debug_abbrev  0x0000000000000cb2      0x79a ./stm32f103cpp.a(Led.o)
 .debug_abbrev  0x000000000000144c      0x77d ./stm32f103cpp.a(Buzzer.o)
 .debug_abbrev  0x0000000000001bc9      0x509 ./stm32f103cpp.a(Logger.o)
 .debug_abbrev  0x00000000000020d2      0xc57 ./stm32f103cpp.a(Rcc.o)
 .debug_abbrev  0x0000000000002d29      0x5aa ./stm32f103cpp.a(Gpio.o)
 .debug_abbrev  0x00000000000032d3      0xc00 ./stm32f103cpp.a(Usart.o)

.debug_loc      0x0000000000000000     0x3e82
 .debug_loc     0x0000000000000000      0x208 /tmp/alarm.elf.FL6JRI.ltrans0.ltrans.o
 .debug_loc     0x0000000000000208      0x4c5 ./stm32f103cpp.a(Pin.o)
 .debug_loc     0x00000000000006cd      0x1f2 ./stm32f103cpp.a(Led.o)
 .debug_loc     0x00000000000008bf      0x296 ./stm32f103cpp.a(Buzzer.o)
 .debug_loc     0x0000000000000b55      0x399 ./stm32f103cpp.a(Logger.o)
 .debug_loc     0x0000000000000eee     0x1b8d ./stm32f103cpp.a(Rcc.o)
 .debug_loc     0x0000000000002a7b      0x930 ./stm32f103cpp.a(Gpio.o)
 .debug_loc     0x00000000000033ab      0xad7 ./stm32f103cpp.a(Usart.o)

.debug_aranges  0x0000000000000000      0x388
 .debug_aranges
                0x0000000000000000       0x30 /tmp/alarm.elf.FL6JRI.ltrans0.ltrans.o
 .debug_aranges
                0x0000000000000030       0x68 ./stm32f103cpp.a(Pin.o)
 .debug_aranges
                0x0000000000000098       0x60 ./stm32f103cpp.a(Led.o)
 .debug_aranges
                0x00000000000000f8       0x70 ./stm32f103cpp.a(Buzzer.o)
 .debug_aranges
                0x0000000000000168       0x48 ./stm32f103cpp.a(Logger.o)
 .debug_aranges
                0x00000000000001b0       0xd0 ./stm32f103cpp.a(Rcc.o)
 .debug_aranges
                0x0000000000000280       0x40 ./stm32f103cpp.a(Gpio.o)
 .debug_aranges
                0x00000000000002c0       0xc8 ./stm32f103cpp.a(Usart.o)

.debug_ranges   0x0000000000000000     0x13c0
 .debug_ranges  0x0000000000000000       0xc0 /tmp/alarm.elf.FL6JRI.ltrans0.ltrans.o
 .debug_ranges  0x00000000000000c0       0xe8 ./stm32f103cpp.a(Pin.o)
 .debug_ranges  0x00000000000001a8       0xc0 ./stm32f103cpp.a(Led.o)
 .debug_ranges  0x0000000000000268       0xe0 ./stm32f103cpp.a(Buzzer.o)
 .debug_ranges  0x0000000000000348       0xb0 ./stm32f103cpp.a(Logger.o)
 .debug_ranges  0x00000000000003f8      0xaf8 ./stm32f103cpp.a(Rcc.o)
 .debug_ranges  0x0000000000000ef0      0x1d0 ./stm32f103cpp.a(Gpio.o)
 .debug_ranges  0x00000000000010c0      0x300 ./stm32f103cpp.a(Usart.o)

.debug_line     0x0000000000000000     0x4f62
 .debug_line    0x0000000000000000      0x29b /tmp/alarm.elf.FL6JRI.ltrans0.ltrans.o
 .debug_line    0x000000000000029b      0x24d /tmp/cc7thFQR.debug.temp.o
 .debug_line    0x00000000000004e8      0x306 /tmp/ccwpxzZs.debug.temp.o
 .debug_line    0x00000000000007ee       0x99 /tmp/ccDuBCz3.debug.temp.o
 .debug_line    0x0000000000000887      0x50a ./stm32f103cpp.a(Pin.o)
 .debug_line    0x0000000000000d91      0x61d ./stm32f103cpp.a(Led.o)
 .debug_line    0x00000000000013ae      0x663 ./stm32f103cpp.a(Buzzer.o)
 .debug_line    0x0000000000001a11      0x47a ./stm32f103cpp.a(Logger.o)
 .debug_line    0x0000000000001e8b     0x1b3d ./stm32f103cpp.a(Rcc.o)
 .debug_line    0x00000000000039c8      0x738 ./stm32f103cpp.a(Gpio.o)
 .debug_line    0x0000000000004100      0xe62 ./stm32f103cpp.a(Usart.o)

.debug_str      0x0000000000000000     0x4ddb
 .debug_str     0x0000000000000000      0x227 /tmp/alarm.elf.FL6JRI.ltrans0.ltrans.o
 .debug_str     0x0000000000000227      0x11d /tmp/cc7thFQR.debug.temp.o
                                        0xd94 (size before relaxing)
 .debug_str     0x0000000000000344       0x3b /tmp/ccwpxzZs.debug.temp.o
                                        0xed8 (size before relaxing)
 .debug_str     0x000000000000037f       0x80 /tmp/ccDuBCz3.debug.temp.o
                                        0x217 (size before relaxing)
 .debug_str     0x00000000000003ff      0xee5 ./stm32f103cpp.a(Pin.o)
                                        0xf63 (size before relaxing)
 .debug_str     0x00000000000012e4     0x1cc2 ./stm32f103cpp.a(Led.o)
                                       0x271e (size before relaxing)
 .debug_str     0x0000000000002fa6      0x445 ./stm32f103cpp.a(Buzzer.o)
                                       0x2826 (size before relaxing)
 .debug_str     0x00000000000033eb       0xc3 ./stm32f103cpp.a(Logger.o)
                                        0xc99 (size before relaxing)
 .debug_str     0x00000000000034ae      0xce5 ./stm32f103cpp.a(Rcc.o)
                                       0x291e (size before relaxing)
 .debug_str     0x0000000000004193      0x35a ./stm32f103cpp.a(Gpio.o)
                                        0xf64 (size before relaxing)
 .debug_str     0x00000000000044ed      0x8ee ./stm32f103cpp.a(Usart.o)
                                       0x22c1 (size before relaxing)

.debug_frame    0x0000000000000000     0x19d0
 .debug_frame   0x0000000000000000       0x50 /tmp/alarm.elf.FL6JRI.ltrans0.ltrans.o
 .debug_frame   0x0000000000000050      0x130 ./stm32f103cpp.a(Pin.o)
 .debug_frame   0x0000000000000180       0xf0 ./stm32f103cpp.a(Led.o)
 .debug_frame   0x0000000000000270      0x110 ./stm32f103cpp.a(Buzzer.o)
 .debug_frame   0x0000000000000380       0xcc ./stm32f103cpp.a(Logger.o)
 .debug_frame   0x000000000000044c      0x22c ./stm32f103cpp.a(Rcc.o)
 .debug_frame   0x0000000000000678       0x94 ./stm32f103cpp.a(Gpio.o)
 .debug_frame   0x000000000000070c      0x1d8 ./stm32f103cpp.a(Usart.o)
 .debug_frame   0x00000000000008e4       0xd8 /home/abadr99/gcc-arm-none-eabi-10.3-2021.10/bin/../lib/gcc/arm-none-eabi/10.3.1/../../../../arm-none-eabi/lib/thumb/v7-m/nofp/libstdc++_nano.a(class_type_info.o)
 .debug_frame   0x00000000000009bc       0x20 /home/abadr99/gcc-arm-none-eabi-10.3-2021.10/bin/../lib/gcc/arm-none-eabi/10.3.1/../../../../arm-none-eabi/lib/thumb/v7-m/nofp/libstdc++_nano.a(del_ops.o)
 .debug_frame   0x00000000000009dc       0xd4 /home/abadr99/gcc-arm-none-eabi-10.3-2021.10/bin/../lib/gcc/arm-none-eabi/10.3.1/../../../../arm-none-eabi/lib/thumb/v7-m/nofp/libstdc++_nano.a(si_class_type_info.o)
 .debug_frame   0x0000000000000ab0       0x80 /home/abadr99/gcc-arm-none-eabi-10.3-2021.10/bin/../lib/gcc/arm-none-eabi/10.3.1/../../../../arm-none-eabi/lib/thumb/v7-m/nofp/libstdc++_nano.a(tinfo.o)
 .debug_frame   0x0000000000000b30       0x68 /home/abadr99/gcc-arm-none-eabi-10.3-2021.10/bin/../lib/gcc/arm-none-eabi/10.3.1/../../../../arm-none-eabi/lib/thumb/v7-m/nofp/libstdc++_nano.a(functional.o)
 .debug_frame   0x0000000000000b98       0x20 /home/abadr99/gcc-arm-none-eabi-10.3-2021.10/bin/../lib/gcc/arm-none-eabi/10.3.1/../../../../arm-none-eabi/lib/thumb/v7-m/nofp/libstdc++_nano.a(del_op.o)
 .debug_frame   0x0000000000000bb8       0x28 /home/abadr99/gcc-arm-none-eabi-10.3-2021.10/bin/../lib/gcc/arm-none-eabi/10.3.1/../../../../arm-none-eabi/lib/thumb/v7-m/nofp/libg_nano.a(lib_a-abort.o)
 .debug_frame   0x0000000000000be0       0x40 /home/abadr99/gcc-arm-none-eabi-10.3-2021.10/bin/../lib/gcc/arm-none-eabi/10.3.1/../../../../arm-none-eabi/lib/thumb/v7-m/nofp/libg_nano.a(lib_a-assert.o)
 .debug_frame   0x0000000000000c20       0x64 /home/abadr99/gcc-arm-none-eabi-10.3-2021.10/bin/../lib/gcc/arm-none-eabi/10.3.1/../../../../arm-none-eabi/lib/thumb/v7-m/nofp/libg_nano.a(lib_a-fprintf.o)
 .debug_frame   0x0000000000000c84       0x30 /home/abadr99/gcc-arm-none-eabi-10.3-2021.10/bin/../lib/gcc/arm-none-eabi/10.3.1/../../../../arm-none-eabi/lib/thumb/v7-m/nofp/libg_nano.a(lib_a-malloc.o)
 .debug_frame   0x0000000000000cb4       0x20 /home/abadr99/gcc-arm-none-eabi-10.3-2021.10/bin/../lib/gcc/arm-none-eabi/10.3.1/../../../../arm-none-eabi/lib/thumb/v7-m/nofp/libg_nano.a(lib_a-memset.o)
 .debug_frame   0x0000000000000cd4       0x38 /home/abadr99/gcc-arm-none-eabi-10.3-2021.10/bin/../lib/gcc/arm-none-eabi/10.3.1/../../../../arm-none-eabi/lib/thumb/v7-m/nofp/libg_nano.a(lib_a-nano-freer.o)
 .debug_frame   0x0000000000000d0c       0x4c /home/abadr99/gcc-arm-none-eabi-10.3-2021.10/bin/../lib/gcc/arm-none-eabi/10.3.1/../../../../arm-none-eabi/lib/thumb/v7-m/nofp/libg_nano.a(lib_a-nano-mallocr.o)
 .debug_frame   0x0000000000000d58       0xac /home/abadr99/gcc-arm-none-eabi-10.3-2021.10/bin/../lib/gcc/arm-none-eabi/10.3.1/../../../../arm-none-eabi/lib/thumb/v7-m/nofp/libg_nano.a(lib_a-nano-vfprintf.o)
 .debug_frame   0x0000000000000e04       0x60 /home/abadr99/gcc-arm-none-eabi-10.3-2021.10/bin/../lib/gcc/arm-none-eabi/10.3.1/../../../../arm-none-eabi/lib/thumb/v7-m/nofp/libg_nano.a(lib_a-nano-vfprintf_i.o)
 .debug_frame   0x0000000000000e64       0x44 /home/abadr99/gcc-arm-none-eabi-10.3-2021.10/bin/../lib/gcc/arm-none-eabi/10.3.1/../../../../arm-none-eabi/lib/thumb/v7-m/nofp/libg_nano.a(lib_a-rand.o)
 .debug_frame   0x0000000000000ea8       0x2c /home/abadr99/gcc-arm-none-eabi-10.3-2021.10/bin/../lib/gcc/arm-none-eabi/10.3.1/../../../../arm-none-eabi/lib/thumb/v7-m/nofp/libg_nano.a(lib_a-sbrkr.o)
 .debug_frame   0x0000000000000ed4       0xcc /home/abadr99/gcc-arm-none-eabi-10.3-2021.10/bin/../lib/gcc/arm-none-eabi/10.3.1/../../../../arm-none-eabi/lib/thumb/v7-m/nofp/libg_nano.a(lib_a-signal.o)
 .debug_frame   0x0000000000000fa0       0x3c /home/abadr99/gcc-arm-none-eabi-10.3-2021.10/bin/../lib/gcc/arm-none-eabi/10.3.1/../../../../arm-none-eabi/lib/thumb/v7-m/nofp/libg_nano.a(lib_a-signalr.o)
 .debug_frame   0x0000000000000fdc       0x20 /home/abadr99/gcc-arm-none-eabi-10.3-2021.10/bin/../lib/gcc/arm-none-eabi/10.3.1/../../../../arm-none-eabi/lib/thumb/v7-m/nofp/libg_nano.a(lib_a-strcmp.o)
 .debug_frame   0x0000000000000ffc       0x40 /home/abadr99/gcc-arm-none-eabi-10.3-2021.10/bin/../lib/gcc/arm-none-eabi/10.3.1/../../../../arm-none-eabi/lib/thumb/v7-m/nofp/libg_nano.a(lib_a-wbuf.o)
 .debug_frame   0x000000000000103c       0x2c /home/abadr99/gcc-arm-none-eabi-10.3-2021.10/bin/../lib/gcc/arm-none-eabi/10.3.1/../../../../arm-none-eabi/lib/thumb/v7-m/nofp/libg_nano.a(lib_a-wsetup.o)
 .debug_frame   0x0000000000001068       0x5c /home/abadr99/gcc-arm-none-eabi-10.3-2021.10/bin/../lib/gcc/arm-none-eabi/10.3.1/../../../../arm-none-eabi/lib/thumb/v7-m/nofp/libg_nano.a(lib_a-fflush.o)
 .debug_frame   0x00000000000010c4      0x14c /home/abadr99/gcc-arm-none-eabi-10.3-2021.10/bin/../lib/gcc/arm-none-eabi/10.3.1/../../../../arm-none-eabi/lib/thumb/v7-m/nofp/libg_nano.a(lib_a-findfp.o)
 .debug_frame   0x0000000000001210       0x54 /home/abadr99/gcc-arm-none-eabi-10.3-2021.10/bin/../lib/gcc/arm-none-eabi/10.3.1/../../../../arm-none-eabi/lib/thumb/v7-m/nofp/libg_nano.a(lib_a-fwalk.o)
 .debug_frame   0x0000000000001264       0xb0 /home/abadr99/gcc-arm-none-eabi-10.3-2021.10/bin/../lib/gcc/arm-none-eabi/10.3.1/../../../../arm-none-eabi/lib/thumb/v7-m/nofp/libg_nano.a(lib_a-lock.o)
 .debug_frame   0x0000000000001314       0x58 /home/abadr99/gcc-arm-none-eabi-10.3-2021.10/bin/../lib/gcc/arm-none-eabi/10.3.1/../../../../arm-none-eabi/lib/thumb/v7-m/nofp/libg_nano.a(lib_a-makebuf.o)
 .debug_frame   0x000000000000136c       0x28 /home/abadr99/gcc-arm-none-eabi-10.3-2021.10/bin/../lib/gcc/arm-none-eabi/10.3.1/../../../../arm-none-eabi/lib/thumb/v7-m/nofp/libg_nano.a(lib_a-memchr-stub.o)
 .debug_frame   0x0000000000001394       0x30 /home/abadr99/gcc-arm-none-eabi-10.3-2021.10/bin/../lib/gcc/arm-none-eabi/10.3.1/../../../../arm-none-eabi/lib/thumb/v7-m/nofp/libg_nano.a(lib_a-mlock.o)
 .debug_frame   0x00000000000013c4       0x5c /home/abadr99/gcc-arm-none-eabi-10.3-2021.10/bin/../lib/gcc/arm-none-eabi/10.3.1/../../../../arm-none-eabi/lib/thumb/v7-m/nofp/libg_nano.a(lib_a-reent.o)
 .debug_frame   0x0000000000001420       0x88 /home/abadr99/gcc-arm-none-eabi-10.3-2021.10/bin/../lib/gcc/arm-none-eabi/10.3.1/../../../../arm-none-eabi/lib/thumb/v7-m/nofp/libg_nano.a(lib_a-stdio.o)
 .debug_frame   0x00000000000014a8       0x2c /home/abadr99/gcc-arm-none-eabi-10.3-2021.10/bin/../lib/gcc/arm-none-eabi/10.3.1/../../../../arm-none-eabi/lib/thumb/v7-m/nofp/libg_nano.a(lib_a-writer.o)
 .debug_frame   0x00000000000014d4       0x2c /home/abadr99/gcc-arm-none-eabi-10.3-2021.10/bin/../lib/gcc/arm-none-eabi/10.3.1/../../../../arm-none-eabi/lib/thumb/v7-m/nofp/libg_nano.a(lib_a-closer.o)
 .debug_frame   0x0000000000001500       0x2c /home/abadr99/gcc-arm-none-eabi-10.3-2021.10/bin/../lib/gcc/arm-none-eabi/10.3.1/../../../../arm-none-eabi/lib/thumb/v7-m/nofp/libg_nano.a(lib_a-fstatr.o)
 .debug_frame   0x000000000000152c       0x2c /home/abadr99/gcc-arm-none-eabi-10.3-2021.10/bin/../lib/gcc/arm-none-eabi/10.3.1/../../../../arm-none-eabi/lib/thumb/v7-m/nofp/libg_nano.a(lib_a-isattyr.o)
 .debug_frame   0x0000000000001558       0x2c /home/abadr99/gcc-arm-none-eabi-10.3-2021.10/bin/../lib/gcc/arm-none-eabi/10.3.1/../../../../arm-none-eabi/lib/thumb/v7-m/nofp/libg_nano.a(lib_a-lseekr.o)
 .debug_frame   0x0000000000001584       0x2c /home/abadr99/gcc-arm-none-eabi-10.3-2021.10/bin/../lib/gcc/arm-none-eabi/10.3.1/../../../../arm-none-eabi/lib/thumb/v7-m/nofp/libg_nano.a(lib_a-readr.o)
 .debug_frame   0x00000000000015b0      0x398 /home/abadr99/gcc-arm-none-eabi-10.3-2021.10/bin/../lib/gcc/arm-none-eabi/10.3.1/../../../../arm-none-eabi/lib/thumb/v7-m/nofp/librdimon_nano.a(rdimon-syscalls.o)
 .debug_frame   0x0000000000001948       0x28 /home/abadr99/gcc-arm-none-eabi-10.3-2021.10/bin/../lib/gcc/arm-none-eabi/10.3.1/../../../../arm-none-eabi/lib/thumb/v7-m/nofp/librdimon_nano.a(rdimon-_exit.o)
 .debug_frame   0x0000000000001970       0x40 /home/abadr99/gcc-arm-none-eabi-10.3-2021.10/bin/../lib/gcc/arm-none-eabi/10.3.1/../../../../arm-none-eabi/lib/thumb/v7-m/nofp/librdimon_nano.a(rdimon-_kill.o)
 .debug_frame   0x00000000000019b0       0x20 /home/abadr99/gcc-arm-none-eabi-10.3-2021.10/bin/../lib/gcc/arm-none-eabi/10.3.1/../../../../arm-none-eabi/lib/thumb/v7-m/nofp/libc_nano.a(lib_a-errno.o)

Cross Reference Table

Symbol                                            File
ADC1_2_IRQHandler                                 /tmp/ccWZH09n.o (symbol from plugin)
ADC3_IRQHandler                                   /tmp/ccWZH09n.o (symbol from plugin)
Alarm.cpp.5441944f                                /tmp/cc7thFQR.debug.temp.o
                                                  /tmp/alarm.elf.FL6JRI.ltrans0.ltrans.o
Alarm::Alarm()                                    /tmp/ccUKaqSO.o (symbol from plugin)
                                                  /tmp/ccHKn995.o (symbol from plugin)
Alarm::Alarm()                                    /tmp/ccUKaqSO.o (symbol from plugin)
Alarm::Run(bool)                                  /tmp/ccUKaqSO.o (symbol from plugin)
                                                  /tmp/ccHKn995.o (symbol from plugin)
BusFault_Handler                                  /tmp/ccWZH09n.o (symbol from plugin)
CAN_RX1_IRQHandler                                /tmp/ccWZH09n.o (symbol from plugin)
CAN_SCE_IRQHandler                                /tmp/ccWZH09n.o (symbol from plugin)
DMA1_Channel1_IRQHandler                          /tmp/ccWZH09n.o (symbol from plugin)
DMA1_Channel2_IRQHandler                          /tmp/ccWZH09n.o (symbol from plugin)
DMA1_Channel3_IRQHandler                          /tmp/ccWZH09n.o (symbol from plugin)
DMA1_Channel4_IRQHandler                          /tmp/ccWZH09n.o (symbol from plugin)
DMA1_Channel5_IRQHandler                          /tmp/ccWZH09n.o (symbol from plugin)
DMA1_Channel6_IRQHandler                          /tmp/ccWZH09n.o (symbol from plugin)
DMA1_Channel7_IRQHandler                          /tmp/ccWZH09n.o (symbol from plugin)
DMA2_Channel1_IRQHandler                          /tmp/ccWZH09n.o (symbol from plugin)
DMA2_Channel2_IRQHandler                          /tmp/ccWZH09n.o (symbol from plugin)
DMA2_Channel3_IRQHandler                          /tmp/ccWZH09n.o (symbol from plugin)
DMA2_Channel4_5_IRQHandler                        /tmp/ccWZH09n.o (symbol from plugin)
DebugMon_Handler                                  /tmp/ccWZH09n.o (symbol from plugin)
Default_Handler                                   /tmp/ccWZH09n.o (symbol from plugin)
EXTI0_IRQHandler                                  /tmp/ccWZH09n.o (symbol from plugin)
EXTI15_10_IRQHandler                              /tmp/ccWZH09n.o (symbol from plugin)
EXTI1_IRQHandler                                  /tmp/ccWZH09n.o (symbol from plugin)
EXTI2_IRQHandler                                  /tmp/ccWZH09n.o (symbol from plugin)
EXTI3_IRQHandler                                  /tmp/ccWZH09n.o (symbol from plugin)
EXTI4_IRQHandler                                  /tmp/ccWZH09n.o (symbol from plugin)
EXTI9_5_IRQHandler                                /tmp/ccWZH09n.o (symbol from plugin)
FLASH_IRQHandler                                  /tmp/ccWZH09n.o (symbol from plugin)
FSMC_IRQHandler                                   /tmp/ccWZH09n.o (symbol from plugin)
HardFault_Handler                                 /tmp/ccWZH09n.o (symbol from plugin)
I2C1_ER_IRQHandler                                /tmp/ccWZH09n.o (symbol from plugin)
I2C1_EV_IRQHandler                                /tmp/ccWZH09n.o (symbol from plugin)
I2C2_ER_IRQHandler                                /tmp/ccWZH09n.o (symbol from plugin)
I2C2_EV_IRQHandler                                /tmp/ccWZH09n.o (symbol from plugin)
MemManage_Handler                                 /tmp/ccWZH09n.o (symbol from plugin)
NMI_Handler                                       /tmp/ccWZH09n.o (symbol from plugin)
PVD_IRQHandler                                    /tmp/ccWZH09n.o (symbol from plugin)
PendSV_Handler                                    /tmp/ccWZH09n.o (symbol from plugin)
RCC_IRQHandler                                    /tmp/ccWZH09n.o (symbol from plugin)
RTCAlarm_IRQHandler                               /tmp/ccWZH09n.o (symbol from plugin)
RTC_IRQHandler                                    /tmp/ccWZH09n.o (symbol from plugin)
Reset_Handler                                     /tmp/alarm.elf.FL6JRI.ltrans0.ltrans.o
                                                  /tmp/ccWZH09n.o (symbol from plugin)
SDIO_IRQHandler                                   /tmp/ccWZH09n.o (symbol from plugin)
SPI1_IRQHandler                                   /tmp/ccWZH09n.o (symbol from plugin)
SPI2_IRQHandler                                   /tmp/ccWZH09n.o (symbol from plugin)
SPI3_IRQHandler                                   /tmp/ccWZH09n.o (symbol from plugin)
SVC_Handler                                       /tmp/ccWZH09n.o (symbol from plugin)
SysTick_Handler                                   /tmp/ccWZH09n.o (symbol from plugin)
TAMPER_IRQHandler                                 /tmp/ccWZH09n.o (symbol from plugin)
TIM1_BRK_IRQHandler                               /tmp/ccWZH09n.o (symbol from plugin)
TIM1_CC_IRQHandler                                /tmp/ccWZH09n.o (symbol from plugin)
TIM1_TRG_COM_IRQHandler                           /tmp/ccWZH09n.o (symbol from plugin)
TIM1_UP_IRQHandler                                /tmp/ccWZH09n.o (symbol from plugin)
TIM2_IRQHandler                                   /tmp/ccWZH09n.o (symbol from plugin)
TIM3_IRQHandler                                   /tmp/ccWZH09n.o (symbol from plugin)
TIM4_IRQHandler                                   /tmp/ccWZH09n.o (symbol from plugin)
TIM5_IRQHandler                                   /tmp/ccWZH09n.o (symbol from plugin)
TIM6_IRQHandler                                   /tmp/ccWZH09n.o (symbol from plugin)
TIM7_IRQHandler                                   /tmp/ccWZH09n.o (symbol from plugin)
TIM8_BRK_IRQHandler                               /tmp/ccWZH09n.o (symbol from plugin)
TIM8_CC_IRQHandler                                /tmp/ccWZH09n.o (symbol from plugin)
TIM8_TRG_COM_IRQHandler                           /tmp/ccWZH09n.o (symbol from plugin)
TIM8_UP_IRQHandler                                /tmp/ccWZH09n.o (symbol from plugin)
UART4_IRQHandler                                  /tmp/ccWZH09n.o (symbol from plugin)
UART5_IRQHandler                                  /tmp/ccWZH09n.o (symbol from plugin)
USART1_IRQHandler                                 ./stm32f103cpp.a(Usart.o)
                                                  /tmp/ccWZH09n.o (symbol from plugin)
                                                  /tmp/alarm.elf.FL6JRI.ltrans0.ltrans.o
USART2_IRQHandler                                 ./stm32f103cpp.a(Usart.o)
                                                  /tmp/ccWZH09n.o (symbol from plugin)
                                                  /tmp/alarm.elf.FL6JRI.ltrans0.ltrans.o
USART3_IRQHandler                                 ./stm32f103cpp.a(Usart.o)
                                                  /tmp/ccWZH09n.o (symbol from plugin)
                                                  /tmp/alarm.elf.FL6JRI.ltrans0.ltrans.o
USB_HP_CAN_TX_IRQHandler                          /tmp/ccWZH09n.o (symbol from plugin)
USB_LP_CAN_RX0_IRQHandler                         /tmp/ccWZH09n.o (symbol from plugin)
UsageFault_Handler                                /tmp/ccWZH09n.o (symbol from plugin)
WWDG_IRQHandler                                   /tmp/ccWZH09n.o (symbol from plugin)
__addsf3                                          /home/abadr99/gcc-arm-none-eabi-10.3-2021.10/bin/../lib/gcc/arm-none-eabi/10.3.1/thumb/v7-m/nofp/libgcc.a(_arm_addsubsf3.o)
__aeabi_f2uiz                                     /home/abadr99/gcc-arm-none-eabi-10.3-2021.10/bin/../lib/gcc/arm-none-eabi/10.3.1/thumb/v7-m/nofp/libgcc.a(_arm_fixunssfsi.o)
                                                  ./stm32f103cpp.a(Usart.o)
__aeabi_fadd                                      /home/abadr99/gcc-arm-none-eabi-10.3-2021.10/bin/../lib/gcc/arm-none-eabi/10.3.1/thumb/v7-m/nofp/libgcc.a(_arm_addsubsf3.o)
__aeabi_fdiv                                      /home/abadr99/gcc-arm-none-eabi-10.3-2021.10/bin/../lib/gcc/arm-none-eabi/10.3.1/thumb/v7-m/nofp/libgcc.a(_arm_muldivsf3.o)
                                                  ./stm32f103cpp.a(Usart.o)
__aeabi_fmul                                      /home/abadr99/gcc-arm-none-eabi-10.3-2021.10/bin/../lib/gcc/arm-none-eabi/10.3.1/thumb/v7-m/nofp/libgcc.a(_arm_muldivsf3.o)
                                                  /home/abadr99/gcc-arm-none-eabi-10.3-2021.10/bin/../lib/gcc/arm-none-eabi/10.3.1/thumb/v7-m/nofp/libgcc.a(_arm_mulsf3.o)
                                                  ./stm32f103cpp.a(Usart.o)
__aeabi_frsub                                     /home/abadr99/gcc-arm-none-eabi-10.3-2021.10/bin/../lib/gcc/arm-none-eabi/10.3.1/thumb/v7-m/nofp/libgcc.a(_arm_addsubsf3.o)
__aeabi_fsub                                      /home/abadr99/gcc-arm-none-eabi-10.3-2021.10/bin/../lib/gcc/arm-none-eabi/10.3.1/thumb/v7-m/nofp/libgcc.a(_arm_addsubsf3.o)
                                                  ./stm32f103cpp.a(Usart.o)
__aeabi_i2f                                       /home/abadr99/gcc-arm-none-eabi-10.3-2021.10/bin/../lib/gcc/arm-none-eabi/10.3.1/thumb/v7-m/nofp/libgcc.a(_arm_addsubsf3.o)
                                                  ./stm32f103cpp.a(Usart.o)
__aeabi_l2f                                       /home/abadr99/gcc-arm-none-eabi-10.3-2021.10/bin/../lib/gcc/arm-none-eabi/10.3.1/thumb/v7-m/nofp/libgcc.a(_arm_addsubsf3.o)
__aeabi_ui2f                                      /home/abadr99/gcc-arm-none-eabi-10.3-2021.10/bin/../lib/gcc/arm-none-eabi/10.3.1/thumb/v7-m/nofp/libgcc.a(_arm_addsubsf3.o)
                                                  ./stm32f103cpp.a(Usart.o)
__aeabi_ul2f                                      /home/abadr99/gcc-arm-none-eabi-10.3-2021.10/bin/../lib/gcc/arm-none-eabi/10.3.1/thumb/v7-m/nofp/libgcc.a(_arm_addsubsf3.o)
__assert                                          /home/abadr99/gcc-arm-none-eabi-10.3-2021.10/bin/../lib/gcc/arm-none-eabi/10.3.1/../../../../arm-none-eabi/lib/thumb/v7-m/nofp/libg_nano.a(lib_a-assert.o)
__assert_func                                     /home/abadr99/gcc-arm-none-eabi-10.3-2021.10/bin/../lib/gcc/arm-none-eabi/10.3.1/../../../../arm-none-eabi/lib/thumb/v7-m/nofp/libg_nano.a(lib_a-assert.o)
                                                  /home/abadr99/gcc-arm-none-eabi-10.3-2021.10/bin/../lib/gcc/arm-none-eabi/10.3.1/../../../../arm-none-eabi/lib/thumb/v7-m/nofp/libg_nano.a(lib_a-rand.o)
                                                  ./stm32f103cpp.a(Usart.o)
                                                  ./stm32f103cpp.a(Gpio.o)
                                                  ./stm32f103cpp.a(Rcc.o)
                                                  ./stm32f103cpp.a(Buzzer.o)
                                                  ./stm32f103cpp.a(Led.o)
__bss_end__                                       /home/abadr99/gcc-arm-none-eabi-10.3-2021.10/bin/../lib/gcc/arm-none-eabi/10.3.1/../../../../arm-none-eabi/lib/thumb/v7-m/nofp/rdimon-crt0.o
__bss_start__                                     /home/abadr99/gcc-arm-none-eabi-10.3-2021.10/bin/../lib/gcc/arm-none-eabi/10.3.1/../../../../arm-none-eabi/lib/thumb/v7-m/nofp/rdimon-crt0.o
__call_exitprocs                                  /home/abadr99/gcc-arm-none-eabi-10.3-2021.10/bin/../lib/gcc/arm-none-eabi/10.3.1/../../../../arm-none-eabi/lib/thumb/v7-m/nofp/libg_nano.a(lib_a-exit.o)